      -----------------------------------------------------------      
     |                   =====================                   |     
     |                           x T B                           |     
     |                   =====================                   |     
     |                         S. Grimme                         |     
     |          Mulliken Center for Theoretical Chemistry        |     
     |                    University of Bonn                     |     
      -----------------------------------------------------------      

   * xtb version 6.7.0 (08769fc) compiled by 'albert@albert-system' on 2024-03-04

   xtb is free software: you can redistribute it and/or modify it under
   the terms of the GNU Lesser General Public License as published by
   the Free Software Foundation, either version 3 of the License, or
   (at your option) any later version.
   
   xtb is distributed in the hope that it will be useful,
   but WITHOUT ANY WARRANTY; without even the implied warranty of
   MERCHANTABILITY or FITNESS FOR A PARTICULAR PURPOSE.  See the
   GNU Lesser General Public License for more details.
   
   Cite this work as:
   * C. Bannwarth, E. Caldeweyher, S. Ehlert, A. Hansen, P. Pracht,
     J. Seibert, S. Spicher, S. Grimme, WIREs Comput. Mol. Sci., 2020, 11,
     e01493. DOI: 10.1002/wcms.1493
   
   for GFN2-xTB:
   * C. Bannwarth, S. Ehlert and S. Grimme., J. Chem. Theory Comput., 2019,
     15, 1652-1671. DOI: 10.1021/acs.jctc.8b01176
   for GFN1-xTB:
   * S. Grimme, C. Bannwarth, P. Shushkov, J. Chem. Theory Comput., 2017,
     13, 1989-2009. DOI: 10.1021/acs.jctc.7b00118
   for GFN0-xTB:
   * P. Pracht, E. Caldeweyher, S. Ehlert, S. Grimme, ChemRxiv, 2019, preprint.
     DOI: 10.26434/chemrxiv.8326202.v1
   for GFN-FF:
   * S. Spicher and S. Grimme, Angew. Chem. Int. Ed., 2020, 59, 15665-15673.
     DOI: 10.1002/anie.202004239
   
   for ALPB and GBSA implicit solvation:
   * S. Ehlert, M. Stahn, S. Spicher, S. Grimme, J. Chem. Theory Comput.,
     2021, 17, 4250-4261. DOI: 10.1021/acs.jctc.1c00471
   
   for ddCOSMO and CPCM-X implicit solvation:
   * M. Stahn, S. Ehlert, S. Grimme, J. Phys. Chem. A,
     2023, XX, XXXX-XXXX. DOI: 10.1021/acs.jpca.3c04382
   
   for DFT-D4:
   * E. Caldeweyher, C. Bannwarth and S. Grimme, J. Chem. Phys., 2017,
     147, 034112. DOI: 10.1063/1.4993215
   * E. Caldeweyher, S. Ehlert, A. Hansen, H. Neugebauer, S. Spicher,
     C. Bannwarth and S. Grimme, J. Chem. Phys., 2019, 150, 154122.
     DOI: 10.1063/1.5090222
   * E. Caldeweyher, J.-M. Mewes, S. Ehlert and S. Grimme, Phys. Chem. Chem. Phys.
     2020, 22, 8499-8512. DOI: 10.1039/D0CP00502A
   
   for sTDA-xTB:
   * S. Grimme and C. Bannwarth, J. Chem. Phys., 2016, 145, 054103.
     DOI: 10.1063/1.4959605
   
   in the mass-spec context:
   * V. Asgeirsson, C. Bauer and S. Grimme, Chem. Sci., 2017, 8, 4879.
     DOI: 10.1039/c7sc00601b
   * J. Koopman and S. Grimme, ACS Omega 2019, 4, 12, 15120-15133.
     DOI: 10.1021/acsomega.9b02011
   
   for metadynamics refer to:
   * S. Grimme, J. Chem. Theory Comput., 2019, 155, 2847-2862
     DOI: 10.1021/acs.jctc.9b00143
   
   for SPH calculations refer to:
   * S. Spicher and S. Grimme, J. Chem. Theory Comput., 2021, 17, 1701-1714
     DOI: 10.1021/acs.jctc.0c01306
   
   for ONIOM refer to:
   * C. Plett, A. Katbashev, S. Ehlert, S. Grimme, M. Bursch,
     Phys. Chem. Chem. Phys., 2023, 25, 17860-17868. DOI: 10.1039/D3CP02178E
   
   for DIPRO refer to:
   * J. Kohn, N. Gildemeister, S. Grimme, D. Fazzi, A. Hansen,
     J. Chem. Phys., 2023, just accepted.
   
   for PTB refer to:
   * S. Grimme, M. Mueller, A. Hansen, J. Chem. Phys., 2023, 158, 124111.
     DOI: 10.1063/5.0137838
   
   with help from (in alphabetical order)
   P. Atkinson, C. Bannwarth, F. Bohle, G. Brandenburg, E. Caldeweyher
   M. Checinski, S. Dohm, S. Ehlert, S. Ehrlich, I. Gerasimov, C. Hölzer
   A. Katbashev, J. Kohn, J. Koopman, C. Lavigne, S. Lehtola, F. März, M. Müller,
   F. Musil, H. Neugebauer, J. Pisarek, C. Plett, P. Pracht, F. Pultar,
   J. Seibert, P. Shushkov, S. Spicher, M. Stahn, M. Steiner, T. Strunk,
   J. Stückrath, T. Rose, and J. Unsleber
   
 * started run on 2024/09/22 at 12:52:20.320     
   ID    Z sym.   atoms
    1    6 c      1-3, 6, 9, 10
    2    1 h      4, 5, 7, 8, 11-16
    3    8 o      17

           -------------------------------------------------
          |                Calculation Setup                |
           -------------------------------------------------

          program call               : /home/vitamin/xtb/bin/xtb coord --gfn2 --sp --chrg 0 --norestart --parallel 8
          coordinate file            : coord
          omp threads                :                     8


           -------------------------------------------------
          |                 G F N 2 - x T B                 |
           -------------------------------------------------

        Reference                      10.1021/acs.jctc.8b01176
      * Hamiltonian:
        H0-scaling (s, p, d)           1.850000    2.230000    2.230000
        zeta-weighting                 0.500000
      * Dispersion:
        s8                             2.700000
        a1                             0.520000
        a2                             5.000000
        s9                             5.000000
      * Repulsion:
        kExp                           1.500000    1.000000
        rExp                           1.000000
      * Coulomb:
        alpha                          2.000000
        third order                    shell-resolved
        anisotropic                    true
        a3                             3.000000
        a5                             4.000000
        cn-shift                       1.200000
        cn-exp                         4.000000
        max-rad                        5.000000


          ...................................................
          :                      SETUP                      :
          :.................................................:
          :  # basis functions                  38          :
          :  # atomic orbitals                  38          :
          :  # shells                           24          :
          :  # electrons                        40          :
          :  max. iterations                   250          :
          :  Hamiltonian                  GFN2-xTB          :
          :  restarted?                      false          :
          :  GBSA solvation                  false          :
          :  PC potential                    false          :
          :  electronic temp.          300.0000000     K    :
          :  accuracy                    1.0000000          :
          :  -> integral cutoff          0.2500000E+02      :
          :  -> integral neglect         0.1000000E-07      :
          :  -> SCF convergence          0.1000000E-05 Eh   :
          :  -> wf. convergence          0.1000000E-03 e    :
          :  Broyden damping             0.4000000          :
          :  net charge                          0          :
          :  unpaired electrons                  0          :
          ...................................................

 iter      E             dE          RMSdq      gap      omega  full diag
   1    -22.2260601 -0.222261E+02  0.370E+00    4.48       0.0  T
   2    -22.2817951 -0.557351E-01  0.191E+00    3.49       1.0  T
   3    -22.2886568 -0.686170E-02  0.128E+00    3.98       1.0  T
   4    -22.2926788 -0.402199E-02  0.174E-01    3.71       1.0  T
   5    -22.2928699 -0.191069E-03  0.773E-02    3.76       1.0  T
   6    -22.2928867 -0.168231E-04  0.298E-02    3.76       1.0  T
   7    -22.2928870 -0.263637E-06  0.679E-03    3.75       3.6  T
   8    -22.2928873 -0.295721E-06  0.223E-03    3.75      10.9  T
   9    -22.2928873  0.100006E-07  0.123E-03    3.75      19.7  T
  10    -22.2928873 -0.154380E-07  0.285E-04    3.75      85.1  T
  11    -22.2928873 -0.837488E-09  0.512E-05    3.75     474.2  T

   *** convergence criteria satisfied after 11 iterations ***

         #    Occupation            Energy/Eh            Energy/eV
      -------------------------------------------------------------
         1        2.0000           -0.7031448             -19.1335
       ...           ...                  ...                  ...
        14        2.0000           -0.4815017             -13.1023
        15        2.0000           -0.4730840             -12.8733
        16        2.0000           -0.4575524             -12.4506
        17        2.0000           -0.4458089             -12.1311
        18        2.0000           -0.4418972             -12.0246
        19        2.0000           -0.4374832             -11.9045
        20        2.0000           -0.3897092             -10.6045 (HOMO)
        21                         -0.2517400              -6.8502 (LUMO)
        22                          0.0744369               2.0255
        23                          0.0748878               2.0378
        24                          0.0776378               2.1126
        25                          0.0815482               2.2190
       ...                                ...                  ...
        38                          0.5825826              15.8529
      -------------------------------------------------------------
                  HL-Gap            0.1379692 Eh            3.7543 eV
             Fermi-level           -0.3207246 Eh           -8.7274 eV

 SCC (total)                   0 d,  0 h,  0 min,  0.005 sec
 SCC setup                      ...        0 min,  0.000 sec (  2.266%)
 Dispersion                     ...        0 min,  0.000 sec (  1.234%)
 classical contributions        ...        0 min,  0.000 sec (  0.149%)
 integral evaluation            ...        0 min,  0.000 sec (  6.192%)
 iterations                     ...        0 min,  0.004 sec ( 74.563%)
 molecular gradient             ...        0 min,  0.001 sec ( 13.891%)
 printout                       ...        0 min,  0.000 sec (  1.436%)

         :::::::::::::::::::::::::::::::::::::::::::::::::::::
         ::                     SUMMARY                     ::
         :::::::::::::::::::::::::::::::::::::::::::::::::::::
         :: total energy             -22.017994824275 Eh    ::
         :: gradient norm              0.036893221883 Eh/a0 ::
         :: HOMO-LUMO gap              3.754331692833 eV    ::
         ::.................................................::
         :: SCC energy               -22.292857523833 Eh    ::
         :: -> isotropic ES            0.028179358194 Eh    ::
         :: -> anisotropic ES          0.002742343208 Eh    ::
         :: -> anisotropic XC          0.009622466500 Eh    ::
         :: -> dispersion             -0.011072883385 Eh    ::
         :: repulsion energy           0.274862699558 Eh    ::
         :: add. restraining           0.000000000000 Eh    ::
         :: total charge              -0.000000000000 e     ::
         :::::::::::::::::::::::::::::::::::::::::::::::::::::

           -------------------------------------------------
          |                Property Printout                |
           -------------------------------------------------

    * Orbital Energies and Occupations

         #    Occupation            Energy/Eh            Energy/eV
      -------------------------------------------------------------
         1        2.0000           -0.7031448             -19.1335
       ...           ...                  ...                  ...
         8        2.0000           -0.5385235             -14.6540
         9        2.0000           -0.5302895             -14.4299
        10        2.0000           -0.5263050             -14.3215
        11        2.0000           -0.5152141             -14.0197
        12        2.0000           -0.5075363             -13.8108
        13        2.0000           -0.4910035             -13.3609
        14        2.0000           -0.4815017             -13.1023
        15        2.0000           -0.4730840             -12.8733
        16        2.0000           -0.4575524             -12.4506
        17        2.0000           -0.4458089             -12.1311
        18        2.0000           -0.4418972             -12.0246
        19        2.0000           -0.4374832             -11.9045
        20        2.0000           -0.3897092             -10.6045 (HOMO)
        21                         -0.2517400              -6.8502 (LUMO)
        22                          0.0744369               2.0255
        23                          0.0748878               2.0378
        24                          0.0776378               2.1126
        25                          0.0815482               2.2190
        26                          0.1054867               2.8704
        27                          0.1161701               3.1611
        28                          0.1267684               3.4495
        29                          0.1539913               4.1903
        30                          0.1699874               4.6256
        31                          0.1829300               4.9778
       ...                                ...                  ...
        38                          0.5825826              15.8529
      -------------------------------------------------------------
                  HL-Gap            0.1379692 Eh            3.7543 eV
             Fermi-level           -0.3207246 Eh           -8.7274 eV

     #   Z          covCN         q      C6AA      α(0)
     1   6 c        3.801    -0.058    21.621     6.620
     2   6 c        3.801    -0.053    21.524     6.605
     3   6 c        3.801    -0.083    22.082     6.690
     4   1 h        0.923     0.039     2.463     2.454
     5   1 h        0.924     0.038     2.471     2.458
     6   6 c        2.813     0.239    23.013     7.860
     7   1 h        0.924     0.058     2.218     2.329
     8   1 h        0.923     0.057     2.231     2.336
     9   6 c        3.801    -0.083    22.082     6.690
    10   6 c        3.801    -0.053    21.525     6.605
    11   1 h        0.924     0.058     2.218     2.329
    12   1 h        0.923     0.057     2.231     2.336
    13   1 h        0.923     0.039     2.463     2.454
    14   1 h        0.924     0.038     2.471     2.458
    15   1 h        0.923     0.036     2.505     2.475
    16   1 h        0.924     0.037     2.484     2.465
    17   8 o        0.857    -0.368    21.054     6.152

 Mol. C6AA /au·bohr⁶  :       2305.516228
 Mol. C8AA /au·bohr⁸  :      50619.792558
 Mol. α(0) /au        :         71.318383


Wiberg/Mayer (AO) data.
largest (>0.10) Wiberg bond orders for each atom

 ---------------------------------------------------------------------------
     #   Z sym  total        # sym  WBO       # sym  WBO       # sym  WBO
 ---------------------------------------------------------------------------
     1   6 c    3.998 --    10 c    1.010     2 c    1.010    15 h    0.977
                            16 h    0.975
     2   6 c    3.996 --     1 c    1.010     3 c    0.989     4 h    0.978
                             5 h    0.976
     3   6 c    3.996 --     6 c    0.995     2 c    0.989     7 h    0.974
                             8 h    0.949
     4   1 h    0.998 --     2 c    0.978
     5   1 h    0.999 --     2 c    0.976
     6   6 c    3.915 --    17 o    1.858     3 c    0.995     9 c    0.995
     7   1 h    0.997 --     3 c    0.974
     8   1 h    0.997 --     3 c    0.949
     9   6 c    3.996 --     6 c    0.995    10 c    0.989    11 h    0.974
                            12 h    0.949
    10   6 c    3.996 --     1 c    1.010     9 c    0.989    13 h    0.978
                            14 h    0.976
    11   1 h    0.997 --     9 c    0.974
    12   1 h    0.997 --     9 c    0.949
    13   1 h    0.998 --    10 c    0.978
    14   1 h    0.999 --    10 c    0.976
    15   1 h    0.999 --     1 c    0.977
    16   1 h    0.999 --     1 c    0.975
    17   8 o    2.059 --     6 c    1.858
 ---------------------------------------------------------------------------

Topologies differ in total number of bonds
Writing topology from bond orders to xtbtopo.mol

molecular dipole:
                 x           y           z       tot (Debye)
 q only:        1.214      -0.000      -0.371
   full:        1.359       0.000      -0.465       3.652
molecular quadrupole (traceless):
                xx          xy          yy          xz          yz          zz
 q only:       -5.867      -0.000       4.023       1.819       0.000       1.844
  q+dip:       -8.219      -0.000       4.589       1.791       0.000       3.630
   full:       -8.100      -0.000       4.285       2.443      -0.000       3.815


           -------------------------------------------------
          | TOTAL ENERGY              -22.017994824275 Eh   |
          | GRADIENT NORM               0.036893221883 Eh/α |
          | HOMO-LUMO GAP               3.754331692833 eV   |
           -------------------------------------------------

------------------------------------------------------------------------
 * finished run on 2024/09/22 at 12:52:20.332     
------------------------------------------------------------------------
 total:
 * wall-time:     0 d,  0 h,  0 min,  0.011 sec
 *  cpu-time:     0 d,  0 h,  0 min,  0.079 sec
 * ratio c/w:     6.971 speedup
 SCF:
 * wall-time:     0 d,  0 h,  0 min,  0.006 sec
 *  cpu-time:     0 d,  0 h,  0 min,  0.043 sec
 * ratio c/w:     7.773 speedup

normal termination of xtb
