      -----------------------------------------------------------      
     |                   =====================                   |     
     |                           x T B                           |     
     |                   =====================                   |     
     |                         S. Grimme                         |     
     |          Mulliken Center for Theoretical Chemistry        |     
     |                    University of Bonn                     |     
      -----------------------------------------------------------      

   * xtb version 6.7.0 (08769fc) compiled by 'albert@albert-system' on 2024-03-04

   xtb is free software: you can redistribute it and/or modify it under
   the terms of the GNU Lesser General Public License as published by
   the Free Software Foundation, either version 3 of the License, or
   (at your option) any later version.
   
   xtb is distributed in the hope that it will be useful,
   but WITHOUT ANY WARRANTY; without even the implied warranty of
   MERCHANTABILITY or FITNESS FOR A PARTICULAR PURPOSE.  See the
   GNU Lesser General Public License for more details.
   
   Cite this work as:
   * C. Bannwarth, E. Caldeweyher, S. Ehlert, A. Hansen, P. Pracht,
     J. Seibert, S. Spicher, S. Grimme, WIREs Comput. Mol. Sci., 2020, 11,
     e01493. DOI: 10.1002/wcms.1493
   
   for GFN2-xTB:
   * C. Bannwarth, S. Ehlert and S. Grimme., J. Chem. Theory Comput., 2019,
     15, 1652-1671. DOI: 10.1021/acs.jctc.8b01176
   for GFN1-xTB:
   * S. Grimme, C. Bannwarth, P. Shushkov, J. Chem. Theory Comput., 2017,
     13, 1989-2009. DOI: 10.1021/acs.jctc.7b00118
   for GFN0-xTB:
   * P. Pracht, E. Caldeweyher, S. Ehlert, S. Grimme, ChemRxiv, 2019, preprint.
     DOI: 10.26434/chemrxiv.8326202.v1
   for GFN-FF:
   * S. Spicher and S. Grimme, Angew. Chem. Int. Ed., 2020, 59, 15665-15673.
     DOI: 10.1002/anie.202004239
   
   for ALPB and GBSA implicit solvation:
   * S. Ehlert, M. Stahn, S. Spicher, S. Grimme, J. Chem. Theory Comput.,
     2021, 17, 4250-4261. DOI: 10.1021/acs.jctc.1c00471
   
   for ddCOSMO and CPCM-X implicit solvation:
   * M. Stahn, S. Ehlert, S. Grimme, J. Phys. Chem. A,
     2023, XX, XXXX-XXXX. DOI: 10.1021/acs.jpca.3c04382
   
   for DFT-D4:
   * E. Caldeweyher, C. Bannwarth and S. Grimme, J. Chem. Phys., 2017,
     147, 034112. DOI: 10.1063/1.4993215
   * E. Caldeweyher, S. Ehlert, A. Hansen, H. Neugebauer, S. Spicher,
     C. Bannwarth and S. Grimme, J. Chem. Phys., 2019, 150, 154122.
     DOI: 10.1063/1.5090222
   * E. Caldeweyher, J.-M. Mewes, S. Ehlert and S. Grimme, Phys. Chem. Chem. Phys.
     2020, 22, 8499-8512. DOI: 10.1039/D0CP00502A
   
   for sTDA-xTB:
   * S. Grimme and C. Bannwarth, J. Chem. Phys., 2016, 145, 054103.
     DOI: 10.1063/1.4959605
   
   in the mass-spec context:
   * V. Asgeirsson, C. Bauer and S. Grimme, Chem. Sci., 2017, 8, 4879.
     DOI: 10.1039/c7sc00601b
   * J. Koopman and S. Grimme, ACS Omega 2019, 4, 12, 15120-15133.
     DOI: 10.1021/acsomega.9b02011
   
   for metadynamics refer to:
   * S. Grimme, J. Chem. Theory Comput., 2019, 155, 2847-2862
     DOI: 10.1021/acs.jctc.9b00143
   
   for SPH calculations refer to:
   * S. Spicher and S. Grimme, J. Chem. Theory Comput., 2021, 17, 1701-1714
     DOI: 10.1021/acs.jctc.0c01306
   
   for ONIOM refer to:
   * C. Plett, A. Katbashev, S. Ehlert, S. Grimme, M. Bursch,
     Phys. Chem. Chem. Phys., 2023, 25, 17860-17868. DOI: 10.1039/D3CP02178E
   
   for DIPRO refer to:
   * J. Kohn, N. Gildemeister, S. Grimme, D. Fazzi, A. Hansen,
     J. Chem. Phys., 2023, just accepted.
   
   for PTB refer to:
   * S. Grimme, M. Mueller, A. Hansen, J. Chem. Phys., 2023, 158, 124111.
     DOI: 10.1063/5.0137838
   
   with help from (in alphabetical order)
   P. Atkinson, C. Bannwarth, F. Bohle, G. Brandenburg, E. Caldeweyher
   M. Checinski, S. Dohm, S. Ehlert, S. Ehrlich, I. Gerasimov, C. Hölzer
   A. Katbashev, J. Kohn, J. Koopman, C. Lavigne, S. Lehtola, F. März, M. Müller,
   F. Musil, H. Neugebauer, J. Pisarek, C. Plett, P. Pracht, F. Pultar,
   J. Seibert, P. Shushkov, S. Spicher, M. Stahn, M. Steiner, T. Strunk,
   J. Stückrath, T. Rose, and J. Unsleber
   
 * started run on 2024/09/22 at 12:52:20.354     
   ID    Z sym.   atoms
    1    6 c      1-3, 6, 9, 10
    2    1 h      4, 5, 7, 8, 11-16
    3    8 o      17

           -------------------------------------------------
          |                Calculation Setup                |
           -------------------------------------------------

          program call               : /home/vitamin/xtb/bin/xtb coord --gfn2 --sp --chrg 0 --norestart --parallel 8 --alpb chcl3 reference -I xcontrol-inp
          coordinate file            : coord
          omp threads                :                     8


           -------------------------------------------------
          |                 G F N 2 - x T B                 |
           -------------------------------------------------

        Reference                      10.1021/acs.jctc.8b01176
      * Hamiltonian:
        H0-scaling (s, p, d)           1.850000    2.230000    2.230000
        zeta-weighting                 0.500000
      * Dispersion:
        s8                             2.700000
        a1                             0.520000
        a2                             5.000000
        s9                             5.000000
      * Repulsion:
        kExp                           1.500000    1.000000
        rExp                           1.000000
      * Coulomb:
        alpha                          2.000000
        third order                    shell-resolved
        anisotropic                    true
        a3                             3.000000
        a5                             4.000000
        cn-shift                       1.200000
        cn-exp                         4.000000
        max-rad                        5.000000

      * Solvation model:               ALPB
        Solvent                        chcl3
        Parameter file                 internal GFN2-xTB/ALPB
        Dielectric constant                4.8100E+00
        Reference state                gsolv=reference [X=1]
        Free energy shift                  2.5086E-03 Eh       1.5742E+00 kcal/mol
        Temperature                        2.9815E+02 K
        Density                            1.4900E+00 kg/L
        Solvent mass                       1.1938E+02 g/mol
        Interaction kernel             P16
        Born radius scaling (c1)           1.3274E+00
        Born radii integrator          GBOBC
        Born offset                        0.0000E+00 a0       0.0000E+00 AA
        H-bond correction              false
        Ion screening                  false
        Surface tension                    1.0000E-05 Eh       1.5569E+01 dyn/cm
        Grid points                               974 per atom

          ...................................................
          :                      SETUP                      :
          :.................................................:
          :  # basis functions                  38          :
          :  # atomic orbitals                  38          :
          :  # shells                           24          :
          :  # electrons                        40          :
          :  max. iterations                   250          :
          :  Hamiltonian                  GFN2-xTB          :
          :  restarted?                      false          :
          :  GBSA solvation                   true          :
          :  PC potential                    false          :
          :  electronic temp.          300.0000000     K    :
          :  accuracy                    1.0000000          :
          :  -> integral cutoff          0.2500000E+02      :
          :  -> integral neglect         0.1000000E-07      :
          :  -> SCF convergence          0.1000000E-05 Eh   :
          :  -> wf. convergence          0.1000000E-03 e    :
          :  Broyden damping             0.4000000          :
          :  net charge                          0          :
          :  unpaired electrons                  0          :
          ...................................................

 iter      E             dE          RMSdq      gap      omega  full diag
   1    -22.2377805 -0.222378E+02  0.391E+00    4.38       0.0  T
   2    -22.3006158 -0.628353E-01  0.189E+00    3.52       1.0  T
   3    -22.3040321 -0.341638E-02  0.115E+00    3.90       1.0  T
   4    -22.3061243 -0.209215E-02  0.179E-01    3.66       1.0  T
   5    -22.3064400 -0.315680E-03  0.676E-02    3.72       1.0  T
   6    -22.3064416 -0.165560E-05  0.116E-02    3.72       2.1  T
   7    -22.3064421 -0.446620E-06  0.543E-03    3.72       4.5  T
   8    -22.3064421 -0.379121E-07  0.162E-03    3.72      15.0  T
   9    -22.3064421 -0.616181E-08  0.389E-04    3.72      62.3  T
  10    -22.3064421 -0.327411E-09  0.885E-05    3.72     274.1  T

   *** convergence criteria satisfied after 10 iterations ***

         #    Occupation            Energy/Eh            Energy/eV
      -------------------------------------------------------------
         1        2.0000           -0.7156441             -19.4737
       ...           ...                  ...                  ...
        14        2.0000           -0.4778326             -13.0025
        15        2.0000           -0.4731102             -12.8740
        16        2.0000           -0.4536172             -12.3436
        17        2.0000           -0.4427688             -12.0484
        18        2.0000           -0.4374497             -11.9036
        19        2.0000           -0.4321266             -11.7588
        20        2.0000           -0.3957199             -10.7681 (HOMO)
        21                         -0.2591001              -7.0505 (LUMO)
        22                          0.0758261               2.0633
        23                          0.0786546               2.1403
        24                          0.0822225               2.2374
        25                          0.0860241               2.3408
       ...                                ...                  ...
        38                          0.5744313              15.6311
      -------------------------------------------------------------
                  HL-Gap            0.1366198 Eh            3.7176 eV
             Fermi-level           -0.3274100 Eh           -8.9093 eV

 SCC (total)                   0 d,  0 h,  0 min,  0.005 sec
 SCC setup                      ...        0 min,  0.000 sec (  5.216%)
 Dispersion                     ...        0 min,  0.000 sec (  1.243%)
 classical contributions        ...        0 min,  0.000 sec (  0.150%)
 integral evaluation            ...        0 min,  0.000 sec (  6.366%)
 iterations                     ...        0 min,  0.004 sec ( 70.645%)
 molecular gradient             ...        0 min,  0.001 sec ( 14.808%)
 printout                       ...        0 min,  0.000 sec (  1.283%)

         :::::::::::::::::::::::::::::::::::::::::::::::::::::
         ::                     SUMMARY                     ::
         :::::::::::::::::::::::::::::::::::::::::::::::::::::
         :: total energy             -22.031549645138 Eh    ::
         :: total w/o Gsasa/hb       -22.024435449705 Eh    ::
         :: gradient norm              0.020267395164 Eh/a0 ::
         :: HOMO-LUMO gap              3.717614083687 eV    ::
         ::.................................................::
         :: SCC energy               -22.306412344697 Eh    ::
         :: -> isotropic ES            0.037920360806 Eh    ::
         :: -> anisotropic ES          0.001783487978 Eh    ::
         :: -> anisotropic XC          0.009939161917 Eh    ::
         :: -> dispersion             -0.010988346920 Eh    ::
         :: -> Gsolv                  -0.015152914361 Eh    ::
         ::    -> Gelec               -0.008038718927 Eh    ::
         ::    -> Gsasa               -0.009622843435 Eh    ::
         ::    -> Ghb                  0.000000000000 Eh    ::
         ::    -> Gshift               0.002508648001 Eh    ::
         :: repulsion energy           0.274862699558 Eh    ::
         :: add. restraining           0.000000000000 Eh    ::
         :: total charge              -0.000000000000 e     ::
         :::::::::::::::::::::::::::::::::::::::::::::::::::::

           -------------------------------------------------
          |                Property Printout                |
           -------------------------------------------------

    * Orbital Energies and Occupations

         #    Occupation            Energy/Eh            Energy/eV
      -------------------------------------------------------------
         1        2.0000           -0.7156441             -19.4737
       ...           ...                  ...                  ...
         8        2.0000           -0.5401838             -14.6991
         9        2.0000           -0.5313476             -14.4587
        10        2.0000           -0.5287585             -14.3883
        11        2.0000           -0.5118952             -13.9294
        12        2.0000           -0.5038696             -13.7110
        13        2.0000           -0.4896349             -13.3236
        14        2.0000           -0.4778326             -13.0025
        15        2.0000           -0.4731102             -12.8740
        16        2.0000           -0.4536172             -12.3436
        17        2.0000           -0.4427688             -12.0484
        18        2.0000           -0.4374497             -11.9036
        19        2.0000           -0.4321266             -11.7588
        20        2.0000           -0.3957199             -10.7681 (HOMO)
        21                         -0.2591001              -7.0505 (LUMO)
        22                          0.0758261               2.0633
        23                          0.0786546               2.1403
        24                          0.0822225               2.2374
        25                          0.0860241               2.3408
        26                          0.1086946               2.9577
        27                          0.1219074               3.3173
        28                          0.1313467               3.5741
        29                          0.1587554               4.3200
        30                          0.1746862               4.7535
        31                          0.1882451               5.1224
       ...                                ...                  ...
        38                          0.5744313              15.6311
      -------------------------------------------------------------
                  HL-Gap            0.1366198 Eh            3.7176 eV
             Fermi-level           -0.3274100 Eh           -8.9093 eV

     #   Z          covCN         q      C6AA      α(0)
     1   6 c        3.801    -0.062    21.692     6.631
     2   6 c        3.801    -0.054    21.544     6.608
     3   6 c        3.801    -0.084    22.095     6.692
     4   1 h        0.923     0.039     2.456     2.451
     5   1 h        0.924     0.047     2.352     2.399
     6   6 c        2.813     0.249    22.818     7.826
     7   1 h        0.924     0.057     2.234     2.337
     8   1 h        0.923     0.074     2.040     2.234
     9   6 c        3.801    -0.084    22.095     6.692
    10   6 c        3.801    -0.054    21.544     6.608
    11   1 h        0.924     0.057     2.234     2.337
    12   1 h        0.923     0.074     2.040     2.234
    13   1 h        0.923     0.039     2.456     2.451
    14   1 h        0.924     0.047     2.352     2.399
    15   1 h        0.923     0.044     2.394     2.420
    16   1 h        0.924     0.045     2.389     2.417
    17   8 o        0.857    -0.437    22.438     6.351

 Mol. C6AA /au·bohr⁶  :       2293.600123
 Mol. C8AA /au·bohr⁸  :      50488.371118
 Mol. α(0) /au        :         71.087778


Wiberg/Mayer (AO) data.
largest (>0.10) Wiberg bond orders for each atom

 ---------------------------------------------------------------------------
     #   Z sym  total        # sym  WBO       # sym  WBO       # sym  WBO
 ---------------------------------------------------------------------------
     1   6 c    3.997 --    10 c    1.011     2 c    1.011    15 h    0.976
                            16 h    0.974
     2   6 c    3.994 --     1 c    1.011     3 c    0.986     4 h    0.978
                             5 h    0.975
     3   6 c    3.995 --     6 c    1.002     2 c    0.986     7 h    0.974
                             8 h    0.943
     4   1 h    0.998 --     2 c    0.978
     5   1 h    0.998 --     2 c    0.975
     6   6 c    3.894 --    17 o    1.812     3 c    1.002     9 c    1.002
     7   1 h    0.997 --     3 c    0.974
     8   1 h    0.994 --     3 c    0.943
     9   6 c    3.995 --     6 c    1.002    10 c    0.986    11 h    0.974
                            12 h    0.943
    10   6 c    3.994 --     1 c    1.011     9 c    0.986    13 h    0.978
                            14 h    0.975
    11   1 h    0.997 --     9 c    0.974
    12   1 h    0.994 --     9 c    0.943
    13   1 h    0.998 --    10 c    0.978
    14   1 h    0.998 --    10 c    0.975
    15   1 h    0.998 --     1 c    0.976
    16   1 h    0.998 --     1 c    0.974
    17   8 o    2.014 --     6 c    1.812
 ---------------------------------------------------------------------------

Topologies differ in total number of bonds
Writing topology from bond orders to xtbtopo.mol

molecular dipole:
                 x           y           z       tot (Debye)
 q only:        1.586       0.000      -0.518
   full:        1.622       0.000      -0.570       4.369
molecular quadrupole (traceless):
                xx          xy          yy          xz          yz          zz
 q only:       -6.973      -0.000       4.712       2.080       0.000       2.262
  q+dip:       -9.151      -0.000       5.142       2.006      -0.000       4.009
   full:       -8.988      -0.000       4.821       2.652      -0.000       4.167


           -------------------------------------------------
          | TOTAL ENERGY              -22.031549645138 Eh   |
          | GRADIENT NORM               0.020267395164 Eh/α |
          | HOMO-LUMO GAP               3.717614083687 eV   |
           -------------------------------------------------

------------------------------------------------------------------------
 * finished run on 2024/09/22 at 12:52:20.366     
------------------------------------------------------------------------
 total:
 * wall-time:     0 d,  0 h,  0 min,  0.011 sec
 *  cpu-time:     0 d,  0 h,  0 min,  0.079 sec
 * ratio c/w:     7.200 speedup
 SCF:
 * wall-time:     0 d,  0 h,  0 min,  0.006 sec
 *  cpu-time:     0 d,  0 h,  0 min,  0.043 sec
 * ratio c/w:     7.762 speedup

normal termination of xtb
