{"1": "C", "2": "C", "3": "C", "6": "C", "7": "C", "8": "C", "15": "C", "16": "C", "19": "C", "21": "C", "23": "C", "24": "C", "27": "C", "30": "C", "33": "C", "35": "C", "37": "C", "40": "C", "44": "C", "45": "C", "50": "C", "51": "C", "52": "C", "55": "C", "56": "C", "57": "C", "60": "C", "61": "C"}