         1   -135.37083 
         2    -42.89247 
         3    -65.12034 
         6   -145.03843 
         7    -29.30159 
         8    -32.48437 
        15   -123.24607 
        16   -112.67461 
        19   -116.18318 
        21   -143.88074 
        23    -26.98712 
        24    -21.85963 
        27    -37.45591 
        30    -41.81645 
        33    -53.34960 
        35    -21.29724 
        37    -27.69318 
        40    -52.74816 
        44    -39.51639 
        45    -12.21804 
        50    -20.00406 
        51   -135.98270 
        52   -131.53687 
        55    -41.17870 
        56    -17.83787 
        57    -31.05262 
        60    -18.53058 
        61    -19.31548 
