         1 -135.37083          0
         2  -42.89247          0
         3  -65.12034          0
         6 -145.03843          0
         7  -29.30159          0
         8  -32.48437          0
        15 -123.24607          0
        16 -112.67461          0
        19 -116.18318          0
        21 -143.88074          0
        23  -26.98712          0
        24  -21.85963          0
        27  -37.45591          0
        30  -41.81645          0
        33  -53.34960          0
        35  -21.29724          0
        37  -27.69318          0
        40  -52.74816          0
        44  -39.51639          0
        45  -12.21804          0
        50  -20.00406          0
        51 -135.98270          0
        52 -131.53687          0
        55  -41.17870          0
        56  -17.83787          0
        57  -31.05262          0
        60  -18.53058          0
        61  -19.31548          0
