
       ╔════════════════════════════════════════════╗
       ║            ___ ___ ___ ___ _____           ║
       ║           / __| _ \ __/ __|_   _|          ║
       ║          | (__|   / _|\__ \ | |            ║
       ║           \___|_|_\___|___/ |_|            ║
       ║                                            ║
       ║  Conformer-Rotamer Ensemble Sampling Tool  ║
       ║          based on the xTB methods          ║
       ║                                            ║
       ╚════════════════════════════════════════════╝
       Version 3.0.2, Sun, 25 August 20:02:44, 08/25/2024
       commit (af7eb99) compiled by 'usr@fv-az732-492'

   Cite work conducted with this code as

   • P.Pracht, F.Bohle, S.Grimme, PCCP, 2020, 22, 7169-7192.
   • S.Grimme, JCTC, 2019, 15, 2847-2862.
   • P.Pracht, S.Grimme, C.Bannwarth, F.Bohle, S.Ehlert,
     G.Feldmann, J.Gorges, M.Müller, T.Neudecker, C.Plett,
     S.Spicher, P.Steinbach, P.Wesołowski, F.Zeller,
     J. Chem. Phys., 2024, 160, 114110.

   for works involving QCG cite

   • S.Spicher, C.Plett, P.Pracht, A.Hansen, S.Grimme,
     JCTC, 2022, 18 (5), 3174-3189.
   • C.Plett, S. Grimme,
     Angew. Chem. Int. Ed. 2023, 62, e202214477.

   for works involving MECP screening cite

   • P.Pracht, C.Bannwarth, JCTC, 2022, 18 (10), 6370-6385.

   Original code
     P.Pracht, S.Grimme, Universität Bonn, MCTC
   with help from (alphabetical order):
     C.Bannwarth, F.Bohle, S.Ehlert, G.Feldmann, J.Gorges,
     S.Grimme, C.Plett, P.Pracht, S.Spicher, P.Steinbach,
     P.Wesolowski, F.Zeller

   Online documentation is available at
   https://crest-lab.github.io/crest-docs/

   This program is distributed in the hope that it will be useful,
   but WITHOUT ANY WARRANTY; without even the implied warranty of
   MERCHANTABILITY or FITNESS FOR A PARTICULAR PURPOSE. See the
   GNU Lesser General Public License (LGPL) for more details.

 Command line input:
 $ crest isomers.xyz --cregen isomers.xyz --rthr 0.175 -- bthr 0.03--ethr 0.15 --ewin 4

  --cregen : CREGEN standalone usage. Sorting file <isomers.xyz>
  --rthr 0.175
  --ewin 4

> Setting up backup calculator ... done.
 ----------------
 Calculation info
 ----------------
> User-defined calculation level:
 : xTB calculation via tblite lib
 : GFN2-xTB level
 :   Molecular charge    : 0
 :   Fermi temperature   : 300.00000
 :   Accuracy            : 1.00000
 :   max SCC cycles      : 500

 Using only the cregen sorting routine.
 input  file name : isomers.xyz
 output file name : isomers.xyz.sorted
 number of atoms                :   14
 number of points on xyz files  :   3
 RMSD threshold                 :   0.1750
 Bconst threshold               :   0.0100
 population threshold           :   0.0500
 # fragment in coord            :     1
 # bonds in reference structure :    13
 number of reliable points      :     3
 sorting energy window (EWIN)   :    4.0000 / kcal*mol⁻¹
 reference state Etot           :  -307.65065846237599     
CREGEN> running RMSDs ... done.
 number of doubles removed by rot/RMSD         :           0
 total number unique points considered further :           3
       Erel/kcal        Etot weight/tot  conformer     set   degen     origin
       1   0.000  -307.65066    0.38895    0.76691       1       2     
       2   0.017  -307.65063    0.37796                                
       3   0.304  -307.65017    0.23309    0.23309       2       1     
T /K                                  :   298.15
E lowest                              :  -307.65066
ensemble average energy (kcal)        :    0.077
ensemble entropy (J/mol K, cal/mol K) :    8.934    2.135
ensemble free energy (kcal/mol)       :   -0.637
population of lowest in %             :   76.691
 number of unique conformers for further calc            2
 list of relative energies saved as "crest.energies"

 -----------------
 Wall Time Summary
 -----------------
 CREST runtime (total)               0 d,  0 h,  0 min,  0.019 sec
 ------------------------------------------------------------------
 CREGEN                     ...        0 min,  0.018 sec ( 95.005%)
 I/O and setup              ...        0 min,  0.001 sec (  4.995%)
 ------------------------------------------------------------------
 * wall-time:     0 d,  0 h,  0 min,  0.019 sec
 *  cpu-time:     0 d,  0 h,  0 min,  0.251 sec
 * ratio c/w:    13.478 speedup
 ------------------------------------------------------------------
 CREST terminated normally.
