      -----------------------------------------------------------      
     |                   =====================                   |     
     |                           x T B                           |     
     |                   =====================                   |     
     |                         S. Grimme                         |     
     |          Mulliken Center for Theoretical Chemistry        |     
     |                    University of Bonn                     |     
      -----------------------------------------------------------      

   * xtb version 6.7.0 (08769fc) compiled by 'albert@albert-system' on 2024-03-04

   xtb is free software: you can redistribute it and/or modify it under
   the terms of the GNU Lesser General Public License as published by
   the Free Software Foundation, either version 3 of the License, or
   (at your option) any later version.
   
   xtb is distributed in the hope that it will be useful,
   but WITHOUT ANY WARRANTY; without even the implied warranty of
   MERCHANTABILITY or FITNESS FOR A PARTICULAR PURPOSE.  See the
   GNU Lesser General Public License for more details.
   
   Cite this work as:
   * C. Bannwarth, E. Caldeweyher, S. Ehlert, A. Hansen, P. Pracht,
     J. Seibert, S. Spicher, S. Grimme, WIREs Comput. Mol. Sci., 2020, 11,
     e01493. DOI: 10.1002/wcms.1493
   
   for GFN2-xTB:
   * C. Bannwarth, S. Ehlert and S. Grimme., J. Chem. Theory Comput., 2019,
     15, 1652-1671. DOI: 10.1021/acs.jctc.8b01176
   for GFN1-xTB:
   * S. Grimme, C. Bannwarth, P. Shushkov, J. Chem. Theory Comput., 2017,
     13, 1989-2009. DOI: 10.1021/acs.jctc.7b00118
   for GFN0-xTB:
   * P. Pracht, E. Caldeweyher, S. Ehlert, S. Grimme, ChemRxiv, 2019, preprint.
     DOI: 10.26434/chemrxiv.8326202.v1
   for GFN-FF:
   * S. Spicher and S. Grimme, Angew. Chem. Int. Ed., 2020, 59, 15665-15673.
     DOI: 10.1002/anie.202004239
   
   for ALPB and GBSA implicit solvation:
   * S. Ehlert, M. Stahn, S. Spicher, S. Grimme, J. Chem. Theory Comput.,
     2021, 17, 4250-4261. DOI: 10.1021/acs.jctc.1c00471
   
   for ddCOSMO and CPCM-X implicit solvation:
   * M. Stahn, S. Ehlert, S. Grimme, J. Phys. Chem. A,
     2023, XX, XXXX-XXXX. DOI: 10.1021/acs.jpca.3c04382
   
   for DFT-D4:
   * E. Caldeweyher, C. Bannwarth and S. Grimme, J. Chem. Phys., 2017,
     147, 034112. DOI: 10.1063/1.4993215
   * E. Caldeweyher, S. Ehlert, A. Hansen, H. Neugebauer, S. Spicher,
     C. Bannwarth and S. Grimme, J. Chem. Phys., 2019, 150, 154122.
     DOI: 10.1063/1.5090222
   * E. Caldeweyher, J.-M. Mewes, S. Ehlert and S. Grimme, Phys. Chem. Chem. Phys.
     2020, 22, 8499-8512. DOI: 10.1039/D0CP00502A
   
   for sTDA-xTB:
   * S. Grimme and C. Bannwarth, J. Chem. Phys., 2016, 145, 054103.
     DOI: 10.1063/1.4959605
   
   in the mass-spec context:
   * V. Asgeirsson, C. Bauer and S. Grimme, Chem. Sci., 2017, 8, 4879.
     DOI: 10.1039/c7sc00601b
   * J. Koopman and S. Grimme, ACS Omega 2019, 4, 12, 15120-15133.
     DOI: 10.1021/acsomega.9b02011
   
   for metadynamics refer to:
   * S. Grimme, J. Chem. Theory Comput., 2019, 155, 2847-2862
     DOI: 10.1021/acs.jctc.9b00143
   
   for SPH calculations refer to:
   * S. Spicher and S. Grimme, J. Chem. Theory Comput., 2021, 17, 1701-1714
     DOI: 10.1021/acs.jctc.0c01306
   
   for ONIOM refer to:
   * C. Plett, A. Katbashev, S. Ehlert, S. Grimme, M. Bursch,
     Phys. Chem. Chem. Phys., 2023, 25, 17860-17868. DOI: 10.1039/D3CP02178E
   
   for DIPRO refer to:
   * J. Kohn, N. Gildemeister, S. Grimme, D. Fazzi, A. Hansen,
     J. Chem. Phys., 2023, just accepted.
   
   for PTB refer to:
   * S. Grimme, M. Mueller, A. Hansen, J. Chem. Phys., 2023, 158, 124111.
     DOI: 10.1063/5.0137838
   
   with help from (in alphabetical order)
   P. Atkinson, C. Bannwarth, F. Bohle, G. Brandenburg, E. Caldeweyher
   M. Checinski, S. Dohm, S. Ehlert, S. Ehrlich, I. Gerasimov, C. Hölzer
   A. Katbashev, J. Kohn, J. Koopman, C. Lavigne, S. Lehtola, F. März, M. Müller,
   F. Musil, H. Neugebauer, J. Pisarek, C. Plett, P. Pracht, F. Pultar,
   J. Seibert, P. Shushkov, S. Spicher, M. Stahn, M. Steiner, T. Strunk,
   J. Stückrath, T. Rose, and J. Unsleber
   
 * started run on 2024/09/22 at 13:01:30.581     
   ID    Z sym.   atoms
    1    6 c      1-3, 6, 9, 10
    2    1 h      4, 5, 7, 8, 11-16
    3    8 o      17

           -------------------------------------------------
          |                Calculation Setup                |
           -------------------------------------------------

          program call               : /home/vitamin/xtb/bin/xtb coord --gfn2 --sp --chrg 0 --norestart --parallel 8
          coordinate file            : coord
          omp threads                :                     8


           -------------------------------------------------
          |                 G F N 2 - x T B                 |
           -------------------------------------------------

        Reference                      10.1021/acs.jctc.8b01176
      * Hamiltonian:
        H0-scaling (s, p, d)           1.850000    2.230000    2.230000
        zeta-weighting                 0.500000
      * Dispersion:
        s8                             2.700000
        a1                             0.520000
        a2                             5.000000
        s9                             5.000000
      * Repulsion:
        kExp                           1.500000    1.000000
        rExp                           1.000000
      * Coulomb:
        alpha                          2.000000
        third order                    shell-resolved
        anisotropic                    true
        a3                             3.000000
        a5                             4.000000
        cn-shift                       1.200000
        cn-exp                         4.000000
        max-rad                        5.000000


          ...................................................
          :                      SETUP                      :
          :.................................................:
          :  # basis functions                  38          :
          :  # atomic orbitals                  38          :
          :  # shells                           24          :
          :  # electrons                        40          :
          :  max. iterations                   250          :
          :  Hamiltonian                  GFN2-xTB          :
          :  restarted?                      false          :
          :  GBSA solvation                  false          :
          :  PC potential                    false          :
          :  electronic temp.          300.0000000     K    :
          :  accuracy                    1.0000000          :
          :  -> integral cutoff          0.2500000E+02      :
          :  -> integral neglect         0.1000000E-07      :
          :  -> SCF convergence          0.1000000E-05 Eh   :
          :  -> wf. convergence          0.1000000E-03 e    :
          :  Broyden damping             0.4000000          :
          :  net charge                          0          :
          :  unpaired electrons                  0          :
          ...................................................

 iter      E             dE          RMSdq      gap      omega  full diag
   1    -22.2440800 -0.222441E+02  0.365E+00    4.55       0.0  T
   2    -22.2983880 -0.543080E-01  0.190E+00    3.61       1.0  T
   3    -22.3040635 -0.567542E-02  0.124E+00    4.05       1.0  T
   4    -22.3075109 -0.344741E-02  0.167E-01    3.79       1.0  T
   5    -22.3076875 -0.176602E-03  0.753E-02    3.84       1.0  T
   6    -22.3077039 -0.164737E-04  0.286E-02    3.83       1.0  T
   7    -22.3077042 -0.236496E-06  0.624E-03    3.83       3.9  T
   8    -22.3077044 -0.240972E-06  0.211E-03    3.83      11.5  T
   9    -22.3077044  0.717842E-08  0.107E-03    3.83      22.6  T
  10    -22.3077044 -0.115074E-07  0.273E-04    3.83      89.0  T
  11    -22.3077044 -0.806608E-09  0.391E-05    3.83     620.2  T

   *** convergence criteria satisfied after 11 iterations ***

         #    Occupation            Energy/Eh            Energy/eV
      -------------------------------------------------------------
         1        2.0000           -0.7078991             -19.2629
       ...           ...                  ...                  ...
        14        2.0000           -0.4811330             -13.0923
        15        2.0000           -0.4755820             -12.9412
        16        2.0000           -0.4584092             -12.4739
        17        2.0000           -0.4440747             -12.0839
        18        2.0000           -0.4421723             -12.0321
        19        2.0000           -0.4375387             -11.9060
        20        2.0000           -0.3886681             -10.5762 (HOMO)
        21                         -0.2478072              -6.7432 (LUMO)
        22                          0.0812204               2.2101
        23                          0.0864638               2.3528
        24                          0.0873614               2.3772
        25                          0.0937705               2.5516
       ...                                ...                  ...
        38                          0.6360295              17.3072
      -------------------------------------------------------------
                  HL-Gap            0.1408610 Eh            3.8330 eV
             Fermi-level           -0.3182376 Eh           -8.6597 eV

 SCC (total)                   0 d,  0 h,  0 min,  0.006 sec
 SCC setup                      ...        0 min,  0.000 sec (  2.089%)
 Dispersion                     ...        0 min,  0.000 sec (  1.143%)
 classical contributions        ...        0 min,  0.000 sec (  0.138%)
 integral evaluation            ...        0 min,  0.000 sec (  6.130%)
 iterations                     ...        0 min,  0.004 sec ( 74.744%)
 molecular gradient             ...        0 min,  0.001 sec ( 14.157%)
 printout                       ...        0 min,  0.000 sec (  1.352%)

         :::::::::::::::::::::::::::::::::::::::::::::::::::::
         ::                     SUMMARY                     ::
         :::::::::::::::::::::::::::::::::::::::::::::::::::::
         :: total energy             -22.019053208584 Eh    ::
         :: gradient norm              0.000081889429 Eh/a0 ::
         :: HOMO-LUMO gap              3.833021623799 eV    ::
         ::.................................................::
         :: SCC energy               -22.307675759496 Eh    ::
         :: -> isotropic ES            0.027155693607 Eh    ::
         :: -> anisotropic ES          0.002659836787 Eh    ::
         :: -> anisotropic XC          0.009312719733 Eh    ::
         :: -> dispersion             -0.011152994914 Eh    ::
         :: repulsion energy           0.288622550912 Eh    ::
         :: add. restraining           0.000000000000 Eh    ::
         :: total charge              -0.000000000000 e     ::
         :::::::::::::::::::::::::::::::::::::::::::::::::::::

           -------------------------------------------------
          |                Property Printout                |
           -------------------------------------------------

    * Orbital Energies and Occupations

         #    Occupation            Energy/Eh            Energy/eV
      -------------------------------------------------------------
         1        2.0000           -0.7078991             -19.2629
       ...           ...                  ...                  ...
         8        2.0000           -0.5403201             -14.7029
         9        2.0000           -0.5329149             -14.5014
        10        2.0000           -0.5282694             -14.3749
        11        2.0000           -0.5155248             -14.0281
        12        2.0000           -0.5075583             -13.8114
        13        2.0000           -0.4909968             -13.3607
        14        2.0000           -0.4811330             -13.0923
        15        2.0000           -0.4755820             -12.9412
        16        2.0000           -0.4584092             -12.4739
        17        2.0000           -0.4440747             -12.0839
        18        2.0000           -0.4421723             -12.0321
        19        2.0000           -0.4375387             -11.9060
        20        2.0000           -0.3886681             -10.5762 (HOMO)
        21                         -0.2478072              -6.7432 (LUMO)
        22                          0.0812204               2.2101
        23                          0.0864638               2.3528
        24                          0.0873614               2.3772
        25                          0.0937705               2.5516
        26                          0.1118206               3.0428
        27                          0.1249074               3.3989
        28                          0.1319817               3.5914
        29                          0.1671152               4.5474
        30                          0.1770714               4.8184
        31                          0.1937839               5.2731
       ...                                ...                  ...
        38                          0.6360295              17.3072
      -------------------------------------------------------------
                  HL-Gap            0.1408610 Eh            3.8330 eV
             Fermi-level           -0.3182376 Eh           -8.6597 eV

     #   Z          covCN         q      C6AA      α(0)
     1   6 c        3.805    -0.060    21.657     6.625
     2   6 c        3.806    -0.053    21.527     6.605
     3   6 c        3.806    -0.086    22.132     6.697
     4   1 h        0.924     0.040     2.455     2.450
     5   1 h        0.924     0.039     2.468     2.457
     6   6 c        2.816     0.243    22.934     7.846
     7   1 h        0.924     0.056     2.249     2.345
     8   1 h        0.924     0.056     2.246     2.344
     9   6 c        3.806    -0.086    22.132     6.697
    10   6 c        3.806    -0.053    21.527     6.605
    11   1 h        0.924     0.056     2.249     2.345
    12   1 h        0.924     0.056     2.246     2.344
    13   1 h        0.924     0.040     2.455     2.450
    14   1 h        0.924     0.039     2.468     2.457
    15   1 h        0.924     0.037     2.487     2.466
    16   1 h        0.924     0.037     2.487     2.466
    17   8 o        0.857    -0.359    20.876     6.126

 Mol. C6AA /au·bohr⁶  :       2306.094476
 Mol. C8AA /au·bohr⁸  :      50626.077859
 Mol. α(0) /au        :         71.325636


Wiberg/Mayer (AO) data.
largest (>0.10) Wiberg bond orders for each atom

 ---------------------------------------------------------------------------
     #   Z sym  total        # sym  WBO       # sym  WBO       # sym  WBO
 ---------------------------------------------------------------------------
     1   6 c    3.998 --    10 c    1.010     2 c    1.010    15 h    0.977
                            16 h    0.975
     2   6 c    3.996 --     1 c    1.010     3 c    0.989     4 h    0.978
                             5 h    0.976
     3   6 c    3.997 --     2 c    0.989     6 c    0.989     7 h    0.975
                             8 h    0.953
     4   1 h    0.998 --     2 c    0.978
     5   1 h    0.999 --     2 c    0.976
     6   6 c    3.915 --    17 o    1.872     9 c    0.989     3 c    0.989
     7   1 h    0.997 --     3 c    0.975
     8   1 h    0.997 --     3 c    0.953
     9   6 c    3.997 --    10 c    0.989     6 c    0.989    11 h    0.975
                            12 h    0.953
    10   6 c    3.996 --     1 c    1.010     9 c    0.989    13 h    0.978
                            14 h    0.976
    11   1 h    0.997 --     9 c    0.975
    12   1 h    0.997 --     9 c    0.953
    13   1 h    0.998 --    10 c    0.978
    14   1 h    0.999 --    10 c    0.976
    15   1 h    0.999 --     1 c    0.977
    16   1 h    0.999 --     1 c    0.975
    17   8 o    2.074 --     6 c    1.872
 ---------------------------------------------------------------------------

Topologies differ in total number of bonds
Writing topology from bond orders to xtbtopo.mol

molecular dipole:
                 x           y           z       tot (Debye)
 q only:        1.158      -0.000      -0.378
   full:        1.306      -0.000      -0.469       3.527
molecular quadrupole (traceless):
                xx          xy          yy          xz          yz          zz
 q only:       -5.495      -0.000       3.729       1.874      -0.000       1.766
  q+dip:       -7.886       0.000       4.265       1.786      -0.000       3.621
   full:       -7.711       0.000       3.997       2.515      -0.000       3.714


           -------------------------------------------------
          | TOTAL ENERGY              -22.019053208584 Eh   |
          | GRADIENT NORM               0.000081889429 Eh/α |
          | HOMO-LUMO GAP               3.833021623799 eV   |
           -------------------------------------------------

------------------------------------------------------------------------
 * finished run on 2024/09/22 at 13:01:30.594     
------------------------------------------------------------------------
 total:
 * wall-time:     0 d,  0 h,  0 min,  0.012 sec
 *  cpu-time:     0 d,  0 h,  0 min,  0.083 sec
 * ratio c/w:     6.718 speedup
 SCF:
 * wall-time:     0 d,  0 h,  0 min,  0.006 sec
 *  cpu-time:     0 d,  0 h,  0 min,  0.045 sec
 * ratio c/w:     7.779 speedup

normal termination of xtb
