----------------------------------------------- 
  Element       SASA      Sigma Z        Total  
     Z         Ang**2 cal/Ang**2/mol   kcal/mol 
----------------------------------------------- 
      H        118.372       0.000       0.000
      C         26.633      91.879       2.447
      O         25.172       2.693       0.068

 Subtotal:     170.177                   2.515
 -----------------------------------------------

  Elements    COT*SASA   Sigma Z,Z'     Total   
    Z,Z'       Ang**2  cal/Ang**2/mol kcal/mol  
 ---------------------------------------------- 
  H   C         79.682     -52.587      -4.190
  H   O          0.000     -28.036      -0.000
  C   C         32.794     -89.718      -2.942
  O   C         16.152      -8.302      -0.134

 Subtotal:                              -7.267
 ---------------------------------------------- 

 NONAQUEOUS SOLVENT CONTRIBUTION (kcal/mol):
 (proportional to SASA, atomic number independent)
 ---------------------------------------------- 
 Subtotal:                               1.647
 ---------------------------------------------- 

 CDS TOTAL (kcal/mol):                  -3.105
...............................................................................
