   0.00000    0.26118    0.22458    0.00442
   0.26118    0.00000  -10.71882    6.87898
   0.22458  -10.71882    0.00000    6.95826
   0.00442    6.87898    6.95826    0.00000
