{"4": "H", "5": "H", "9": "H", "10": "H", "11": "H", "12": "H", "14": "H", "17": "H", "18": "H", "20": "H", "22": "H", "25": "H", "26": "H", "28": "H", "29": "H", "31": "H", "32": "H", "34": "H", "36": "H", "38": "H", "39": "H", "41": "H", "42": "H", "43": "H", "46": "H", "49": "H", "53": "H", "54": "H", "58": "H", "59": "H", "62": "H", "65": "H", "68": "H", "71": "H"}