      -----------------------------------------------------------      
     |                   =====================                   |     
     |                           x T B                           |     
     |                   =====================                   |     
     |                         S. Grimme                         |     
     |          Mulliken Center for Theoretical Chemistry        |     
     |                    University of Bonn                     |     
      -----------------------------------------------------------      

   * xtb version 6.7.0 (08769fc) compiled by 'albert@albert-system' on 2024-03-04

   xtb is free software: you can redistribute it and/or modify it under
   the terms of the GNU Lesser General Public License as published by
   the Free Software Foundation, either version 3 of the License, or
   (at your option) any later version.
   
   xtb is distributed in the hope that it will be useful,
   but WITHOUT ANY WARRANTY; without even the implied warranty of
   MERCHANTABILITY or FITNESS FOR A PARTICULAR PURPOSE.  See the
   GNU Lesser General Public License for more details.
   
   Cite this work as:
   * C. Bannwarth, E. Caldeweyher, S. Ehlert, A. Hansen, P. Pracht,
     J. Seibert, S. Spicher, S. Grimme, WIREs Comput. Mol. Sci., 2020, 11,
     e01493. DOI: 10.1002/wcms.1493
   
   for GFN2-xTB:
   * C. Bannwarth, S. Ehlert and S. Grimme., J. Chem. Theory Comput., 2019,
     15, 1652-1671. DOI: 10.1021/acs.jctc.8b01176
   for GFN1-xTB:
   * S. Grimme, C. Bannwarth, P. Shushkov, J. Chem. Theory Comput., 2017,
     13, 1989-2009. DOI: 10.1021/acs.jctc.7b00118
   for GFN0-xTB:
   * P. Pracht, E. Caldeweyher, S. Ehlert, S. Grimme, ChemRxiv, 2019, preprint.
     DOI: 10.26434/chemrxiv.8326202.v1
   for GFN-FF:
   * S. Spicher and S. Grimme, Angew. Chem. Int. Ed., 2020, 59, 15665-15673.
     DOI: 10.1002/anie.202004239
   
   for ALPB and GBSA implicit solvation:
   * S. Ehlert, M. Stahn, S. Spicher, S. Grimme, J. Chem. Theory Comput.,
     2021, 17, 4250-4261. DOI: 10.1021/acs.jctc.1c00471
   
   for ddCOSMO and CPCM-X implicit solvation:
   * M. Stahn, S. Ehlert, S. Grimme, J. Phys. Chem. A,
     2023, XX, XXXX-XXXX. DOI: 10.1021/acs.jpca.3c04382
   
   for DFT-D4:
   * E. Caldeweyher, C. Bannwarth and S. Grimme, J. Chem. Phys., 2017,
     147, 034112. DOI: 10.1063/1.4993215
   * E. Caldeweyher, S. Ehlert, A. Hansen, H. Neugebauer, S. Spicher,
     C. Bannwarth and S. Grimme, J. Chem. Phys., 2019, 150, 154122.
     DOI: 10.1063/1.5090222
   * E. Caldeweyher, J.-M. Mewes, S. Ehlert and S. Grimme, Phys. Chem. Chem. Phys.
     2020, 22, 8499-8512. DOI: 10.1039/D0CP00502A
   
   for sTDA-xTB:
   * S. Grimme and C. Bannwarth, J. Chem. Phys., 2016, 145, 054103.
     DOI: 10.1063/1.4959605
   
   in the mass-spec context:
   * V. Asgeirsson, C. Bauer and S. Grimme, Chem. Sci., 2017, 8, 4879.
     DOI: 10.1039/c7sc00601b
   * J. Koopman and S. Grimme, ACS Omega 2019, 4, 12, 15120-15133.
     DOI: 10.1021/acsomega.9b02011
   
   for metadynamics refer to:
   * S. Grimme, J. Chem. Theory Comput., 2019, 155, 2847-2862
     DOI: 10.1021/acs.jctc.9b00143
   
   for SPH calculations refer to:
   * S. Spicher and S. Grimme, J. Chem. Theory Comput., 2021, 17, 1701-1714
     DOI: 10.1021/acs.jctc.0c01306
   
   for ONIOM refer to:
   * C. Plett, A. Katbashev, S. Ehlert, S. Grimme, M. Bursch,
     Phys. Chem. Chem. Phys., 2023, 25, 17860-17868. DOI: 10.1039/D3CP02178E
   
   for DIPRO refer to:
   * J. Kohn, N. Gildemeister, S. Grimme, D. Fazzi, A. Hansen,
     J. Chem. Phys., 2023, just accepted.
   
   for PTB refer to:
   * S. Grimme, M. Mueller, A. Hansen, J. Chem. Phys., 2023, 158, 124111.
     DOI: 10.1063/5.0137838
   
   with help from (in alphabetical order)
   P. Atkinson, C. Bannwarth, F. Bohle, G. Brandenburg, E. Caldeweyher
   M. Checinski, S. Dohm, S. Ehlert, S. Ehrlich, I. Gerasimov, C. Hölzer
   A. Katbashev, J. Kohn, J. Koopman, C. Lavigne, S. Lehtola, F. März, M. Müller,
   F. Musil, H. Neugebauer, J. Pisarek, C. Plett, P. Pracht, F. Pultar,
   J. Seibert, P. Shushkov, S. Spicher, M. Stahn, M. Steiner, T. Strunk,
   J. Stückrath, T. Rose, and J. Unsleber
   
 * started run on 2024/09/22 at 13:01:34.814     
   ID    Z sym.   atoms
    1    6 c      1-3, 6, 9, 10
    2    1 h      4, 5, 7, 8, 11-16
    3    8 o      17

           -------------------------------------------------
          |                Calculation Setup                |
           -------------------------------------------------

          program call               : /home/vitamin/xtb/bin/xtb coord --gfn2 --sp --chrg 0 --norestart --parallel 8 --alpb chcl3 reference -I xcontrol-inp
          coordinate file            : coord
          omp threads                :                     8


           -------------------------------------------------
          |                 G F N 2 - x T B                 |
           -------------------------------------------------

        Reference                      10.1021/acs.jctc.8b01176
      * Hamiltonian:
        H0-scaling (s, p, d)           1.850000    2.230000    2.230000
        zeta-weighting                 0.500000
      * Dispersion:
        s8                             2.700000
        a1                             0.520000
        a2                             5.000000
        s9                             5.000000
      * Repulsion:
        kExp                           1.500000    1.000000
        rExp                           1.000000
      * Coulomb:
        alpha                          2.000000
        third order                    shell-resolved
        anisotropic                    true
        a3                             3.000000
        a5                             4.000000
        cn-shift                       1.200000
        cn-exp                         4.000000
        max-rad                        5.000000

      * Solvation model:               ALPB
        Solvent                        chcl3
        Parameter file                 internal GFN2-xTB/ALPB
        Dielectric constant                4.8100E+00
        Reference state                gsolv=reference [X=1]
        Free energy shift                  2.5086E-03 Eh       1.5742E+00 kcal/mol
        Temperature                        2.9815E+02 K
        Density                            1.4900E+00 kg/L
        Solvent mass                       1.1938E+02 g/mol
        Interaction kernel             P16
        Born radius scaling (c1)           1.3274E+00
        Born radii integrator          GBOBC
        Born offset                        0.0000E+00 a0       0.0000E+00 AA
        H-bond correction              false
        Ion screening                  false
        Surface tension                    1.0000E-05 Eh       1.5569E+01 dyn/cm
        Grid points                               974 per atom

          ...................................................
          :                      SETUP                      :
          :.................................................:
          :  # basis functions                  38          :
          :  # atomic orbitals                  38          :
          :  # shells                           24          :
          :  # electrons                        40          :
          :  max. iterations                   250          :
          :  Hamiltonian                  GFN2-xTB          :
          :  restarted?                      false          :
          :  GBSA solvation                   true          :
          :  PC potential                    false          :
          :  electronic temp.          300.0000000     K    :
          :  accuracy                    1.0000000          :
          :  -> integral cutoff          0.2500000E+02      :
          :  -> integral neglect         0.1000000E-07      :
          :  -> SCF convergence          0.1000000E-05 Eh   :
          :  -> wf. convergence          0.1000000E-03 e    :
          :  Broyden damping             0.4000000          :
          :  net charge                          0          :
          :  unpaired electrons                  0          :
          ...................................................

 iter      E             dE          RMSdq      gap      omega  full diag
   1    -22.2551632 -0.222552E+02  0.387E+00    4.43       0.0  T
   2    -22.3157111 -0.605479E-01  0.189E+00    3.62       1.0  T
   3    -22.3186233 -0.291225E-02  0.112E+00    3.96       1.0  T
   4    -22.3204393 -0.181592E-02  0.167E-01    3.73       1.0  T
   5    -22.3207025 -0.263284E-03  0.664E-02    3.79       1.0  T
   6    -22.3207045 -0.193421E-05  0.120E-02    3.79       2.0  T
   7    -22.3207049 -0.402153E-06  0.556E-03    3.79       4.4  T
   8    -22.3207049 -0.465797E-07  0.164E-03    3.79      14.8  T
   9    -22.3207049 -0.620579E-08  0.349E-04    3.79      69.4  T
  10    -22.3207049 -0.227036E-09  0.838E-05    3.79     289.5  T

   *** convergence criteria satisfied after 10 iterations ***

         #    Occupation            Energy/Eh            Energy/eV
      -------------------------------------------------------------
         1        2.0000           -0.7200594             -19.5938
       ...           ...                  ...                  ...
        14        2.0000           -0.4776130             -12.9965
        15        2.0000           -0.4750904             -12.9279
        16        2.0000           -0.4546043             -12.3704
        17        2.0000           -0.4412993             -12.0084
        18        2.0000           -0.4373031             -11.8996
        19        2.0000           -0.4329183             -11.7803
        20        2.0000           -0.3941085             -10.7242 (HOMO)
        21                         -0.2549821              -6.9384 (LUMO)
        22                          0.0821619               2.2357
        23                          0.0907240               2.4687
        24                          0.0909467               2.4748
        25                          0.0987658               2.6876
       ...                                ...                  ...
        38                          0.6279521              17.0874
      -------------------------------------------------------------
                  HL-Gap            0.1391264 Eh            3.7858 eV
             Fermi-level           -0.3245453 Eh           -8.8313 eV

 SCC (total)                   0 d,  0 h,  0 min,  0.005 sec
 SCC setup                      ...        0 min,  0.000 sec (  5.107%)
 Dispersion                     ...        0 min,  0.000 sec (  1.465%)
 classical contributions        ...        0 min,  0.000 sec (  0.168%)
 integral evaluation            ...        0 min,  0.000 sec (  5.828%)
 iterations                     ...        0 min,  0.004 sec ( 72.498%)
 molecular gradient             ...        0 min,  0.001 sec ( 13.178%)
 printout                       ...        0 min,  0.000 sec (  1.447%)

         :::::::::::::::::::::::::::::::::::::::::::::::::::::
         ::                     SUMMARY                     ::
         :::::::::::::::::::::::::::::::::::::::::::::::::::::
         :: total energy             -22.032053716804 Eh    ::
         :: total w/o Gsasa/hb       -22.025007590943 Eh    ::
         :: gradient norm              0.021601010873 Eh/a0 ::
         :: HOMO-LUMO gap              3.785821383173 eV    ::
         ::.................................................::
         :: SCC energy               -22.320676267717 Eh    ::
         :: -> isotropic ES            0.036098633241 Eh    ::
         :: -> anisotropic ES          0.001793811968 Eh    ::
         :: -> anisotropic XC          0.009609941213 Eh    ::
         :: -> dispersion             -0.011072032007 Eh    ::
         :: -> Gsolv                  -0.014460114467 Eh    ::
         ::    -> Gelec               -0.007413988605 Eh    ::
         ::    -> Gsasa               -0.009554773862 Eh    ::
         ::    -> Ghb                  0.000000000000 Eh    ::
         ::    -> Gshift               0.002508648001 Eh    ::
         :: repulsion energy           0.288622550912 Eh    ::
         :: add. restraining           0.000000000000 Eh    ::
         :: total charge              -0.000000000000 e     ::
         :::::::::::::::::::::::::::::::::::::::::::::::::::::

           -------------------------------------------------
          |                Property Printout                |
           -------------------------------------------------

    * Orbital Energies and Occupations

         #    Occupation            Energy/Eh            Energy/eV
      -------------------------------------------------------------
         1        2.0000           -0.7200594             -19.5938
       ...           ...                  ...                  ...
         8        2.0000           -0.5423856             -14.7591
         9        2.0000           -0.5340510             -14.5323
        10        2.0000           -0.5305099             -14.4359
        11        2.0000           -0.5124831             -13.9454
        12        2.0000           -0.5041685             -13.7191
        13        2.0000           -0.4895837             -13.3223
        14        2.0000           -0.4776130             -12.9965
        15        2.0000           -0.4750904             -12.9279
        16        2.0000           -0.4546043             -12.3704
        17        2.0000           -0.4412993             -12.0084
        18        2.0000           -0.4373031             -11.8996
        19        2.0000           -0.4329183             -11.7803
        20        2.0000           -0.3941085             -10.7242 (HOMO)
        21                         -0.2549821              -6.9384 (LUMO)
        22                          0.0821619               2.2357
        23                          0.0907240               2.4687
        24                          0.0909467               2.4748
        25                          0.0987658               2.6876
        26                          0.1146231               3.1191
        27                          0.1303448               3.5469
        28                          0.1363852               3.7112
        29                          0.1717556               4.6737
        30                          0.1813746               4.9355
        31                          0.1989140               5.4127
       ...                                ...                  ...
        38                          0.6279521              17.0874
      -------------------------------------------------------------
                  HL-Gap            0.1391264 Eh            3.7858 eV
             Fermi-level           -0.3245453 Eh           -8.8313 eV

     #   Z          covCN         q      C6AA      α(0)
     1   6 c        3.805    -0.064    21.728     6.636
     2   6 c        3.806    -0.054    21.547     6.608
     3   6 c        3.806    -0.087    22.146     6.699
     4   1 h        0.924     0.040     2.454     2.450
     5   1 h        0.924     0.047     2.353     2.399
     6   6 c        2.816     0.254    22.743     7.814
     7   1 h        0.924     0.055     2.264     2.353
     8   1 h        0.924     0.072     2.061     2.245
     9   6 c        3.806    -0.087    22.146     6.699
    10   6 c        3.806    -0.054    21.546     6.608
    11   1 h        0.924     0.055     2.264     2.353
    12   1 h        0.924     0.072     2.061     2.245
    13   1 h        0.924     0.040     2.454     2.450
    14   1 h        0.924     0.047     2.353     2.399
    15   1 h        0.924     0.045     2.377     2.411
    16   1 h        0.924     0.044     2.397     2.421
    17   8 o        0.857    -0.425    22.178     6.314

 Mol. C6AA /au·bohr⁶  :       2294.624663
 Mol. C8AA /au·bohr⁸  :      50498.763677
 Mol. α(0) /au        :         71.104134


Wiberg/Mayer (AO) data.
largest (>0.10) Wiberg bond orders for each atom

 ---------------------------------------------------------------------------
     #   Z sym  total        # sym  WBO       # sym  WBO       # sym  WBO
 ---------------------------------------------------------------------------
     1   6 c    3.997 --    10 c    1.010     2 c    1.010    15 h    0.976
                            16 h    0.974
     2   6 c    3.995 --     1 c    1.010     3 c    0.986     4 h    0.978
                             5 h    0.975
     3   6 c    3.996 --     6 c    0.995     2 c    0.986     7 h    0.975
                             8 h    0.948
     4   1 h    0.998 --     2 c    0.978
     5   1 h    0.998 --     2 c    0.975
     6   6 c    3.894 --    17 o    1.828     9 c    0.996     3 c    0.995
     7   1 h    0.997 --     3 c    0.975
     8   1 h    0.995 --     3 c    0.948
     9   6 c    3.996 --     6 c    0.996    10 c    0.986    11 h    0.975
                            12 h    0.948
    10   6 c    3.995 --     1 c    1.010     9 c    0.986    13 h    0.978
                            14 h    0.975
    11   1 h    0.997 --     9 c    0.975
    12   1 h    0.995 --     9 c    0.948
    13   1 h    0.998 --    10 c    0.978
    14   1 h    0.998 --    10 c    0.975
    15   1 h    0.998 --     1 c    0.976
    16   1 h    0.998 --     1 c    0.974
    17   8 o    2.032 --     6 c    1.828
 ---------------------------------------------------------------------------

Topologies differ in total number of bonds
Writing topology from bond orders to xtbtopo.mol

molecular dipole:
                 x           y           z       tot (Debye)
 q only:        1.509      -0.000      -0.524
   full:        1.552      -0.000      -0.572       4.204
molecular quadrupole (traceless):
                xx          xy          yy          xz          yz          zz
 q only:       -6.509      -0.000       4.356       2.133      -0.000       2.153
  q+dip:       -8.735       0.000       4.768       1.997      -0.000       3.967
   full:       -8.520       0.000       4.484       2.720      -0.000       4.036


           -------------------------------------------------
          | TOTAL ENERGY              -22.032053716804 Eh   |
          | GRADIENT NORM               0.021601010873 Eh/α |
          | HOMO-LUMO GAP               3.785821383173 eV   |
           -------------------------------------------------

------------------------------------------------------------------------
 * finished run on 2024/09/22 at 13:01:34.826     
------------------------------------------------------------------------
 total:
 * wall-time:     0 d,  0 h,  0 min,  0.012 sec
 *  cpu-time:     0 d,  0 h,  0 min,  0.081 sec
 * ratio c/w:     6.962 speedup
 SCF:
 * wall-time:     0 d,  0 h,  0 min,  0.006 sec
 *  cpu-time:     0 d,  0 h,  0 min,  0.043 sec
 * ratio c/w:     7.767 speedup

normal termination of xtb
