vitamin-desktop
       +--------------------------------------+
       |              A N M R                 |
       |             S. Grimme                |
       |      Universitaet Bonn, MCTC         |
       |             1989-2019                |
       |            version 3.5.1             |
       |     Sat Feb  9 06:41:57 CET 2019     |
       +--------------------------------------+
       Based on a TurboPascal program written  
       in 1989 which was translated to F90 in  
       2005 and re-activated in 2017.          
       Please cite work employing this code as:
       ANMR Ver. 3.5: An automatic, QC based
       coupled NMR spectra simulation program.
       S. Grimme, Universitaet Bonn, 2019
       S. Grimme, C. Bannwarth, S. Dohm, A. Hansen
       J. Pisarek, P. Pracht, J. Seibert, F. Neese
       Angew. Chem. Int. Ed. 2017, 56, 14763-14769.
       DOI:10.1002/anie.201708266               
 
 
 =============================
    # OMP threads =           8
 =============================
 reading <.anmrrc> for standard data
 Read ORCA from anmrrc
           1   31.8200000000000       0.000000000000000E+000           1
1H resonance frequency (-mf <real>)    :  500.00
line width             (-lw <real>)    :    1.00
number of all conformers               : 1
temperature in K                       :  298.15
remove J couplings to OH groups        : T
maximum spin system size in a fragment :10
fragmentation type (0=none,1=at,2=mol) : 2
chemical shift scalings a,b            :    1.00    0.00
spin-spin coupling scal factor         :    1.07
plot offset                            :    0.00
Active nuclei                          :H 
 
 reading from anmr_enso
 conformational energies:           1
   0.000
 conformational RRHO energies:
   0.000
 conformational Gsolv free energies:
   0.000
 conformational free energies:
   0.000
 gi per conformer:
    1.00
 conformational populations calculated by anmr:
   1.000
 conformational populations calculated by enso:
 These are used:
   1.000
   1(   1)   100.0
ensemble average free energy (Eh)     : -309.708460
ensemble entropy (cal/mol K)          :   -0.000
ensemble total free energy (kcal/mol) : -309.708460
 reading rotamer data from  <anmr_rotamer>
 number of unique conformers from CREST   3
 number of unique conformers from enso              1
 conformer      1 averaging over    1 rotamers
 conformer      2 averaging over    2 rotamers
 conformer      2 not in anmr_enso, skipping 
 conformer      3 averaging over    4 rotamers
 conformer      3 not in anmr_enso, skipping 
 average over    1 in CRE 
 ====================================================
         reading J/sigma data for conformer            1
 ====================================================
 reading CONF1/NMR/orcaS.out
 reading CONF1/NMR/orcaJ.out
   #  in coord file  # nucs   delta(ppm)
   1         4         1         1.897
   2         5         1         1.897
   3         7         1         2.337
   4         8         1         2.337
   5        11         1         2.337
   6        12         1         2.337
   7        13         1         1.897
   8        14         1         1.897
   9        15         1         1.706
  10        16         1         1.706

 MATRIX PRINTED:  rotamer average J (Hz) matrix

           1         2         3         4         5         6

    1   0.00000
    2 -13.33700   0.00000
    3   3.80000   2.49300   0.00000
    4  13.55300   6.04000 -13.76100   0.00000
    5   0.08300   0.54900   1.88300  -0.10900   0.00000
    6  -0.02600   0.04100  -0.11000   0.52600 -13.80600   0.00000
    7  -0.37500  -0.31900   0.08300  -0.01300   3.82700  13.57100
    8  -0.31800   2.34500   0.54900   0.04600   2.51800   6.07200
    9  12.81800   3.44500  -0.43400  -0.40800  -0.44400  -0.40800
   10   3.44300   2.99900   1.21700  -0.34500   1.20500  -0.34600

           7         8         9        10
 
    7   0.00000
    8 -13.33900   0.00000
    9  12.81900   3.44600   0.00000
   10   3.44400   2.99900 -13.44900   0.00000
 writing spin system data for this confomer to tmpanmr.1
 =====================================================
             average over conformers
 =====================================================
conformer   1 (normalized) population :   1.000

   #  in coord file  # nucs   delta(ppm)
   1         4         1         1.897  +/-      0.00
   2         5         1         1.897  +/-      0.00
   3         7         1         2.337  +/-      0.00
   4         8         1         2.337  +/-      0.00
   5        11         1         2.337  +/-      0.00
   6        12         1         2.337  +/-      0.00
   7        13         1         1.897  +/-      0.00
   8        14         1         1.897  +/-      0.00
   9        15         1         1.706  +/-      0.00
  10        16         1         1.706  +/-      0.00

 MATRIX PRINTED:  conformer average J (Hz) matrix

           1         2         3         4         5         6

    1   0.00000
    2 -13.33700   0.00000
    3   3.80000   2.49300   0.00000
    4  13.55300   6.04000 -13.76100   0.00000
    5   0.08300   0.54900   1.88300  -0.10900   0.00000
    6  -0.02600   0.04100  -0.11000   0.52600 -13.80600   0.00000
    7  -0.37500  -0.31900   0.08300  -0.01300   3.82700  13.57100
    8  -0.31800   2.34500   0.54900   0.04600   2.51800   6.07200
    9  12.81800   3.44500  -0.43400  -0.40800  -0.44400  -0.40800
   10   3.44300   2.99900   1.21700  -0.34500   1.20500  -0.34600

           7         8         9        10
 
    7   0.00000
    8 -13.33900   0.00000
    9  12.81900   3.44600   0.00000
   10   3.44400   2.99900 -13.44900   0.00000
 ====================================================
               building sub-systems
 ====================================================
J neighbors of spin     1 :   2   3   4   7   8   9  10
J neighbors of spin     2 :   1   3   4   5   7   8   9  10
J neighbors of spin     3 :   1   2   4   5   6   8   9  10
J neighbors of spin     4 :   1   2   3   5   6   9  10
J neighbors of spin     5 :   2   3   4   6   7   8   9  10
J neighbors of spin     6 :   3   4   5   7   8   9  10
J neighbors of spin     7 :   1   2   5   6   8   9  10
J neighbors of spin     8 :   1   2   3   5   6   7   9  10
J neighbors of spin     9 :   1   2   3   4   5   6   7   8  10
J neighbors of spin    10 :   1   2   3   4   5   6   7   8   9
 1:10   max/av. J neglected :   0.000   0.000
 2: 9   max/av. J neglected :   0.000   0.000
 3: 8   max/av. J neglected :   0.000   0.000
 4: 7   max/av. J neglected :   0.000   0.000
 5: 6   max/av. J neglected :   0.000   0.000
 selected scheme            5
 system  largest neglected JAB   nuclei (dummy atoms are negative)
    1         0.000        5   6   7   8   9  10  -3  -4  -1  -2
    2         0.000        1   2   3   4  -9 -10  -5  -6  -7  -8
            === FRAGMENTED SYSTEM ===
 ====================================================
      solving (J/sigma) averaged spin Hamiltonian
 ====================================================
          spinsystem            1  with           10  spins
          1024 product functions    11 Mt blocks, largest is    252
  7( 210)  5( 210) 10(  10)  9(  45) 11(   1)  8( 120)  1(   1)  3(  45)  2(  10)  4( 120)  6( 252) 
first maxtrix multiply,  sparsity in %    99.707 ...
second maxtrix multiply, sparsity in %    84.568 ...
          spinsystem            2  with           10  spins
          1024 product functions    11 Mt blocks, largest is    252
  5( 210)  3(  45) 11(   1)  7( 210) 10(  10)  8( 120)  9(  45)  1(   1)  2(  10)  4( 120)  6( 252) 
first maxtrix multiply,  sparsity in %    99.805 ...
second maxtrix multiply, sparsity in %    84.572 ...
 done.
      103377  non-zero transitions.
 spectrum on <anmr.dat>
 Range (delta in ppm)   0.482617187500000        3.54679589843750     
 Range (delta in Hz)     241.308593750000        1773.39794921875     
 Min/max Int.      )    4.333317068757152E-003
 computing spectrum ...
 done.
 writing output file ...
 done.
 All done.
