         4   -1.89700          0
         5   -1.89700          0
         7   -2.33700          1
         8   -2.33700          0
        11   -2.33700          0
        12   -2.33700          0
        13   -1.89700          0
        14   -1.89700          0
        15   -1.70550          0
        16   -1.70550          0
