         4   -1.83600          1001
         5   -1.89700          1001
         7   -2.33700          0
         8   -2.33700          0
        11   -2.33700          0
        12   -2.33700          0
        13   -1.89700          1001
        14   -1.89700          1001
        15   -1.72000          1000
        16   -1.79000          1000
