      -----------------------------------------------------------      
     |                   =====================                   |     
     |                           x T B                           |     
     |                   =====================                   |     
     |                         S. Grimme                         |     
     |          Mulliken Center for Theoretical Chemistry        |     
     |                    University of Bonn                     |     
      -----------------------------------------------------------      

   * xtb version 6.7.0 (08769fc) compiled by 'albert@albert-system' on 2024-03-04

   xtb is free software: you can redistribute it and/or modify it under
   the terms of the GNU Lesser General Public License as published by
   the Free Software Foundation, either version 3 of the License, or
   (at your option) any later version.
   
   xtb is distributed in the hope that it will be useful,
   but WITHOUT ANY WARRANTY; without even the implied warranty of
   MERCHANTABILITY or FITNESS FOR A PARTICULAR PURPOSE.  See the
   GNU Lesser General Public License for more details.
   
   Cite this work as:
   * C. Bannwarth, E. Caldeweyher, S. Ehlert, A. Hansen, P. Pracht,
     J. Seibert, S. Spicher, S. Grimme, WIREs Comput. Mol. Sci., 2020, 11,
     e01493. DOI: 10.1002/wcms.1493
   
   for GFN2-xTB:
   * C. Bannwarth, S. Ehlert and S. Grimme., J. Chem. Theory Comput., 2019,
     15, 1652-1671. DOI: 10.1021/acs.jctc.8b01176
   for GFN1-xTB:
   * S. Grimme, C. Bannwarth, P. Shushkov, J. Chem. Theory Comput., 2017,
     13, 1989-2009. DOI: 10.1021/acs.jctc.7b00118
   for GFN0-xTB:
   * P. Pracht, E. Caldeweyher, S. Ehlert, S. Grimme, ChemRxiv, 2019, preprint.
     DOI: 10.26434/chemrxiv.8326202.v1
   for GFN-FF:
   * S. Spicher and S. Grimme, Angew. Chem. Int. Ed., 2020, 59, 15665-15673.
     DOI: 10.1002/anie.202004239
   
   for ALPB and GBSA implicit solvation:
   * S. Ehlert, M. Stahn, S. Spicher, S. Grimme, J. Chem. Theory Comput.,
     2021, 17, 4250-4261. DOI: 10.1021/acs.jctc.1c00471
   
   for ddCOSMO and CPCM-X implicit solvation:
   * M. Stahn, S. Ehlert, S. Grimme, J. Phys. Chem. A,
     2023, XX, XXXX-XXXX. DOI: 10.1021/acs.jpca.3c04382
   
   for DFT-D4:
   * E. Caldeweyher, C. Bannwarth and S. Grimme, J. Chem. Phys., 2017,
     147, 034112. DOI: 10.1063/1.4993215
   * E. Caldeweyher, S. Ehlert, A. Hansen, H. Neugebauer, S. Spicher,
     C. Bannwarth and S. Grimme, J. Chem. Phys., 2019, 150, 154122.
     DOI: 10.1063/1.5090222
   * E. Caldeweyher, J.-M. Mewes, S. Ehlert and S. Grimme, Phys. Chem. Chem. Phys.
     2020, 22, 8499-8512. DOI: 10.1039/D0CP00502A
   
   for sTDA-xTB:
   * S. Grimme and C. Bannwarth, J. Chem. Phys., 2016, 145, 054103.
     DOI: 10.1063/1.4959605
   
   in the mass-spec context:
   * V. Asgeirsson, C. Bauer and S. Grimme, Chem. Sci., 2017, 8, 4879.
     DOI: 10.1039/c7sc00601b
   * J. Koopman and S. Grimme, ACS Omega 2019, 4, 12, 15120-15133.
     DOI: 10.1021/acsomega.9b02011
   
   for metadynamics refer to:
   * S. Grimme, J. Chem. Theory Comput., 2019, 155, 2847-2862
     DOI: 10.1021/acs.jctc.9b00143
   
   for SPH calculations refer to:
   * S. Spicher and S. Grimme, J. Chem. Theory Comput., 2021, 17, 1701-1714
     DOI: 10.1021/acs.jctc.0c01306
   
   for ONIOM refer to:
   * C. Plett, A. Katbashev, S. Ehlert, S. Grimme, M. Bursch,
     Phys. Chem. Chem. Phys., 2023, 25, 17860-17868. DOI: 10.1039/D3CP02178E
   
   for DIPRO refer to:
   * J. Kohn, N. Gildemeister, S. Grimme, D. Fazzi, A. Hansen,
     J. Chem. Phys., 2023, just accepted.
   
   for PTB refer to:
   * S. Grimme, M. Mueller, A. Hansen, J. Chem. Phys., 2023, 158, 124111.
     DOI: 10.1063/5.0137838
   
   with help from (in alphabetical order)
   P. Atkinson, C. Bannwarth, F. Bohle, G. Brandenburg, E. Caldeweyher
   M. Checinski, S. Dohm, S. Ehlert, S. Ehrlich, I. Gerasimov, C. Hölzer
   A. Katbashev, J. Kohn, J. Koopman, C. Lavigne, S. Lehtola, F. März, M. Müller,
   F. Musil, H. Neugebauer, J. Pisarek, C. Plett, P. Pracht, F. Pultar,
   J. Seibert, P. Shushkov, S. Spicher, M. Stahn, M. Steiner, T. Strunk,
   J. Stückrath, T. Rose, and J. Unsleber
   
 * started run on 2024/09/22 at 13:01:34.546     
   ID    Z sym.   atoms
    1    6 c      1-3, 6, 9, 10
    2    1 h      4, 5, 7, 8, 11-16
    3    8 o      17

           -------------------------------------------------
          |                Calculation Setup                |
           -------------------------------------------------

          program call               : /home/vitamin/xtb/bin/xtb coord --gfn2 --bhess vtight --alpb chcl3 --chrg 0 --enso --norestart -I xcontrol-inp --parallel 8
          coordinate file            : coord
          omp threads                :                     8


           -------------------------------------------------
          |                 G F N 2 - x T B                 |
           -------------------------------------------------

        Reference                      10.1021/acs.jctc.8b01176
      * Hamiltonian:
        H0-scaling (s, p, d)           1.850000    2.230000    2.230000
        zeta-weighting                 0.500000
      * Dispersion:
        s8                             2.700000
        a1                             0.520000
        a2                             5.000000
        s9                             5.000000
      * Repulsion:
        kExp                           1.500000    1.000000
        rExp                           1.000000
      * Coulomb:
        alpha                          2.000000
        third order                    shell-resolved
        anisotropic                    true
        a3                             3.000000
        a5                             4.000000
        cn-shift                       1.200000
        cn-exp                         4.000000
        max-rad                        5.000000

      * Solvation model:               ALPB
        Solvent                        chcl3
        Parameter file                 internal GFN2-xTB/ALPB
        Dielectric constant                4.8100E+00
        Reference state                gsolv [1 M gas/solution]
        Free energy shift                  3.8910E-03 Eh       2.4417E+00 kcal/mol
        Temperature                        2.9815E+02 K
        Density                            1.4900E+00 kg/L
        Solvent mass                       1.1938E+02 g/mol
        Interaction kernel             P16
        Born radius scaling (c1)           1.3274E+00
        Born radii integrator          GBOBC
        Born offset                        0.0000E+00 a0       0.0000E+00 AA
        H-bond correction              false
        Ion screening                  false
        Surface tension                    1.0000E-05 Eh       1.5569E+01 dyn/cm
        Grid points                               974 per atom

          ...................................................
          :                      SETUP                      :
          :.................................................:
          :  # basis functions                  38          :
          :  # atomic orbitals                  38          :
          :  # shells                           24          :
          :  # electrons                        40          :
          :  max. iterations                   250          :
          :  Hamiltonian                  GFN2-xTB          :
          :  restarted?                      false          :
          :  GBSA solvation                   true          :
          :  PC potential                    false          :
          :  electronic temp.          300.0000000     K    :
          :  accuracy                    1.0000000          :
          :  -> integral cutoff          0.2500000E+02      :
          :  -> integral neglect         0.1000000E-07      :
          :  -> SCF convergence          0.1000000E-05 Eh   :
          :  -> wf. convergence          0.1000000E-03 e    :
          :  Broyden damping             0.4000000          :
          :  net charge                          0          :
          :  unpaired electrons                  0          :
          ...................................................

 iter      E             dE          RMSdq      gap      omega  full diag
   1    -22.2537808 -0.222538E+02  0.387E+00    4.43       0.0  T
   2    -22.3143287 -0.605479E-01  0.189E+00    3.62       1.0  T
   3    -22.3172410 -0.291225E-02  0.112E+00    3.96       1.0  T
   4    -22.3190569 -0.181592E-02  0.167E-01    3.73       1.0  T
   5    -22.3193202 -0.263284E-03  0.664E-02    3.79       1.0  T
   6    -22.3193221 -0.193421E-05  0.120E-02    3.79       2.0  T
   7    -22.3193225 -0.402153E-06  0.556E-03    3.79       4.4  T
   8    -22.3193226 -0.465797E-07  0.164E-03    3.79      14.8  T
   9    -22.3193226 -0.620579E-08  0.349E-04    3.79      69.4  T
  10    -22.3193226 -0.227036E-09  0.838E-05    3.79     289.5  T

   *** convergence criteria satisfied after 10 iterations ***

         #    Occupation            Energy/Eh            Energy/eV
      -------------------------------------------------------------
         1        2.0000           -0.7200594             -19.5938
       ...           ...                  ...                  ...
        14        2.0000           -0.4776130             -12.9965
        15        2.0000           -0.4750904             -12.9279
        16        2.0000           -0.4546043             -12.3704
        17        2.0000           -0.4412993             -12.0084
        18        2.0000           -0.4373031             -11.8996
        19        2.0000           -0.4329183             -11.7803
        20        2.0000           -0.3941085             -10.7242 (HOMO)
        21                         -0.2549821              -6.9384 (LUMO)
        22                          0.0821619               2.2357
        23                          0.0907240               2.4687
        24                          0.0909467               2.4748
        25                          0.0987658               2.6876
       ...                                ...                  ...
        38                          0.6279521              17.0874
      -------------------------------------------------------------
                  HL-Gap            0.1391264 Eh            3.7858 eV
             Fermi-level           -0.3245453 Eh           -8.8313 eV

 SCC (total)                   0 d,  0 h,  0 min,  0.006 sec
 SCC setup                      ...        0 min,  0.000 sec (  4.835%)
 Dispersion                     ...        0 min,  0.000 sec (  1.191%)
 classical contributions        ...        0 min,  0.000 sec (  0.146%)
 integral evaluation            ...        0 min,  0.000 sec (  6.258%)
 iterations                     ...        0 min,  0.004 sec ( 72.326%)
 molecular gradient             ...        0 min,  0.001 sec ( 13.786%)
 printout                       ...        0 min,  0.000 sec (  1.209%)

         :::::::::::::::::::::::::::::::::::::::::::::::::::::
         ::                     SUMMARY                     ::
         :::::::::::::::::::::::::::::::::::::::::::::::::::::
         :: total energy             -22.030671345562 Eh    ::
         :: total w/o Gsasa/hb       -22.025007590943 Eh    ::
         :: gradient norm              0.021601010873 Eh/a0 ::
         :: HOMO-LUMO gap              3.785821383173 eV    ::
         ::.................................................::
         :: SCC energy               -22.319293896474 Eh    ::
         :: -> isotropic ES            0.036098633241 Eh    ::
         :: -> anisotropic ES          0.001793811968 Eh    ::
         :: -> anisotropic XC          0.009609941213 Eh    ::
         :: -> dispersion             -0.011072032007 Eh    ::
         :: -> Gsolv                  -0.013077743224 Eh    ::
         ::    -> Gelec               -0.007413988605 Eh    ::
         ::    -> Gsasa               -0.009554773862 Eh    ::
         ::    -> Ghb                  0.000000000000 Eh    ::
         ::    -> Gshift               0.003891019244 Eh    ::
         :: repulsion energy           0.288622550912 Eh    ::
         :: add. restraining           0.000000000000 Eh    ::
         :: total charge              -0.000000000000 e     ::
         :::::::::::::::::::::::::::::::::::::::::::::::::::::

metadynamics with 1 initial structures loaded
           -------------------------------------------------
          |           Optimal kpush determination           |
           -------------------------------------------------
      ----------------------------------------------------------- 
     |                   =====================                   |
     |                        A N C O P T                        |
     |                   =====================                   |
     |               Approximate Normal Coordinate               |
     |                Rational Function Optimizer                |
      ----------------------------------------------------------- 
target rmsd / Å         0.100000
unbiased initial rmsd   0.008406
 
iter. min.        max.        rmsd       kpush
final kpush:  0.000000
           -------------------------------------------------
          |            Biased Numerical Hessian             |
           -------------------------------------------------
kpush                :   0.00000
alpha                :   1.00000
step length          :   0.00500
SCC accuracy         :   0.30000
Hessian scale factor :   1.00000
frozen atoms in %    :   0.00000    0
RMS gradient         :   0.00006
estimated CPU  time      0.02 min
estimated wall time      0.00 min

writing file <hessian>.

 projected vibrational frequencies (cm⁻¹)
eigval :       -0.00    -0.00     0.00     0.00     0.00     0.00
eigval :       81.62   172.42   298.94   394.93   399.57   486.65
eigval :      487.04   661.07   798.43   801.92   886.65   904.66
eigval :      921.93   965.90   980.16  1045.88  1075.23  1101.34
eigval :     1121.66  1136.37  1195.79  1217.86  1232.90  1237.05
eigval :     1292.87  1306.45  1329.03  1339.86  1351.31  1444.80
eigval :     1453.28  1480.24  1482.50  1495.21  1717.55  2960.82
eigval :     2964.09  2968.18  2971.69  2978.72  2984.41  2985.06
eigval :     2991.22  2995.98  2996.36
           -------------------------------------------------
          |                Property Printout                |
           -------------------------------------------------

    * Orbital Energies and Occupations

         #    Occupation            Energy/Eh            Energy/eV
      -------------------------------------------------------------
         1        2.0000           -0.7173380             -19.5198
       ...           ...                  ...                  ...
         8        2.0000           -0.5415866             -14.7373
         9        2.0000           -0.5328654             -14.5000
        10        2.0000           -0.5296707             -14.4131
        11        2.0000           -0.5124868             -13.9455
        12        2.0000           -0.5044396             -13.7265
        13        2.0000           -0.4897046             -13.3255
        14        2.0000           -0.4777918             -13.0014
        15        2.0000           -0.4744777             -12.9112
        16        2.0000           -0.4546431             -12.3715
        17        2.0000           -0.4416163             -12.0170
        18        2.0000           -0.4373799             -11.9017
        19        2.0000           -0.4331135             -11.7856
        20        2.0000           -0.3948584             -10.7446 (HOMO)
        21                         -0.2571685              -6.9979 (LUMO)
        22                          0.0854480               2.3252
        23                          0.0889407               2.4202
        24                          0.0901223               2.4524
        25                          0.0984269               2.6783
        26                          0.1149977               3.1292
        27                          0.1304405               3.5495
        28                          0.1357839               3.6949
        29                          0.1715411               4.6679
        30                          0.1803333               4.9071
        31                          0.1987423               5.4081
       ...                                ...                  ...
        38                          0.5978797              16.2691
      -------------------------------------------------------------
                  HL-Gap            0.1376898 Eh            3.7467 eV
             Fermi-level           -0.3260135 Eh           -8.8713 eV

     #   Z          covCN         q      C6AA      α(0)
     1   6 c        3.805    -0.064    21.728     6.636
     2   6 c        3.806    -0.055    21.552     6.609
     3   6 c        3.806    -0.085    22.125     6.696
     4   1 h        0.924     0.040     2.447     2.446
     5   1 h        0.924     0.048     2.346     2.395
     6   6 c        2.817     0.252    22.770     7.818
     7   1 h        0.924     0.056     2.251     2.346
     8   1 h        0.924     0.074     2.043     2.235
     9   6 c        3.806    -0.085    22.125     6.696
    10   6 c        3.806    -0.055    21.552     6.609
    11   1 h        0.924     0.056     2.251     2.346
    12   1 h        0.924     0.074     2.043     2.235
    13   1 h        0.924     0.040     2.447     2.446
    14   1 h        0.924     0.048     2.346     2.395
    15   1 h        0.924     0.046     2.371     2.408
    16   1 h        0.924     0.045     2.388     2.416
    17   8 o        0.857    -0.434    22.363     6.340

 Mol. C6AA /au·bohr⁶  :       2293.061822
 Mol. C8AA /au·bohr⁸  :      50481.924763
 Mol. α(0) /au        :         71.075030


Wiberg/Mayer (AO) data.
largest (>0.10) Wiberg bond orders for each atom

 ---------------------------------------------------------------------------
     #   Z sym  total        # sym  WBO       # sym  WBO       # sym  WBO
 ---------------------------------------------------------------------------
     1   6 c    3.997 --     2 c    1.011    10 c    1.011    15 h    0.976
                            16 h    0.974
     2   6 c    3.995 --     1 c    1.011     3 c    0.984     4 h    0.978
                             5 h    0.975
     3   6 c    3.995 --     6 c    1.001     2 c    0.984     7 h    0.974
                             8 h    0.946
     4   1 h    0.998 --     2 c    0.978
     5   1 h    0.998 --     2 c    0.975
     6   6 c    3.895 --    17 o    1.816     3 c    1.001     9 c    1.001
     7   1 h    0.997 --     3 c    0.974
     8   1 h    0.995 --     3 c    0.946
     9   6 c    3.995 --     6 c    1.001    10 c    0.984    11 h    0.974
                            12 h    0.946
    10   6 c    3.995 --     1 c    1.011     9 c    0.984    13 h    0.978
                            14 h    0.975
    11   1 h    0.997 --     9 c    0.974
    12   1 h    0.995 --     9 c    0.946
    13   1 h    0.998 --    10 c    0.978
    14   1 h    0.998 --    10 c    0.975
    15   1 h    0.998 --     1 c    0.976
    16   1 h    0.998 --     1 c    0.974
    17   8 o    2.019 --     6 c    1.816
 ---------------------------------------------------------------------------

Topologies differ in total number of bonds
Writing topology from bond orders to xtbtopo.mol

molecular dipole:
                 x           y           z       tot (Debye)
 q only:        1.563       0.000      -0.525
   full:        1.601       0.000      -0.573       4.322
molecular quadrupole (traceless):
                xx          xy          yy          xz          yz          zz
 q only:       -6.776      -0.000       4.521       2.089       0.000       2.255
  q+dip:       -9.020      -0.000       4.922       1.940       0.000       4.098
   full:       -8.806      -0.000       4.629       2.646       0.000       4.177

           -------------------------------------------------
          |                Geometry Summary                 |
           -------------------------------------------------

      molecular mass/u    :       98.1432278
   center of mass at/Å    :       -0.0002852       0.0000044      -0.0031789
  moments of inertia/u·Å² :        0.1189160E+03   0.1996220E+03   0.2829786E+03
rotational constants/cm⁻¹ :        0.1417608E+00   0.8444778E-01   0.5957212E-01

 * 15 selected distances

     #   Z          #   Z                                           value/Å
     1   6 c        2   6 c                                       1.5243849
     2   6 c        3   6 c                                       1.5327651 (max)
     2   6 c        4   1 h                                       1.0924083
     2   6 c        5   1 h                                       1.0914056 (min)
     3   6 c        7   1 h                                       1.0914061
     3   6 c        8   1 h                                       1.0925489
     1   6 c       10   6 c                                       1.5243851
     9   6 c       10   6 c                                       1.5327651
     9   6 c       11   1 h                                       1.0914061
     9   6 c       12   1 h                                       1.0925489
    10   6 c       13   1 h                                       1.0924083
    10   6 c       14   1 h                                       1.0914056
     1   6 c       15   1 h                                       1.0921309
     1   6 c       16   1 h                                       1.0916471
     6   6 c       17   8 o                                       1.2147818

 * 3 distinct bonds (by element types)

   Z      Z             #   av. dist./Å        max./Å        min./Å
   1 H    6 C          10     1.0919316     1.0925489     1.0914056
   6 C    6 C           4     1.5285750     1.5327651     1.5243849
   6 C    8 O           1     1.2147818     1.2147818     1.2147818

           -------------------------------------------------
          |               Frequency Printout                |
           -------------------------------------------------
 projected vibrational frequencies (cm⁻¹)
eigval :       -0.00    -0.00     0.00     0.00     0.00     0.00
eigval :       81.62   172.42   298.94   394.93   399.57   486.65
eigval :      487.04   661.07   798.43   801.92   886.65   904.66
eigval :      921.93   965.90   980.16  1045.88  1075.23  1101.34
eigval :     1121.66  1136.37  1195.79  1217.86  1232.90  1237.05
eigval :     1292.87  1306.45  1329.03  1339.86  1351.31  1444.80
eigval :     1453.28  1480.24  1482.50  1495.21  1717.55  2960.82
eigval :     2964.09  2968.18  2971.69  2978.72  2984.41  2985.06
eigval :     2991.22  2995.98  2996.36
 reduced masses (amu)
   1: 13.27   2: 10.81   3: 10.45   4: 11.21   5: 10.29   6: 10.64   7: 11.38   8:  7.22
   9:  6.92  10:  8.92  11:  9.63  12:  6.24  13: 11.35  14:  9.35  15:  4.94  16:  9.69
  17:  4.29  18:  8.35  19:  4.44  20:  7.35  21:  7.81  22:  1.46  23:  6.42  24:  6.28
  25:  3.47  26:  8.52  27:  4.46  28:  6.12  29:  3.96  30:  4.43  31:  5.01  32:  4.82
  33:  4.23  34:  4.81  35:  5.32  36:  2.08  37:  1.96  38:  1.89  39:  1.96  40:  2.01
  41: 13.29  42:  1.81  43:  1.81  44:  1.88  45:  1.98  46:  1.91  47:  1.57  48:  1.51
  49:  1.57  50:  1.67  51:  1.68
 IR intensities (km·mol⁻¹)
   1:  2.84   2:  1.33   3:  0.51   4:  1.21   5:  0.53   6:  0.80   7:  3.88   8:  2.88
   9:  0.34  10:  0.87  11:  4.25  12:  0.55  13: 19.27  14: 10.84  15:  6.71  16:  8.99
  17: 10.04  18:  1.94  19:  0.11  20: 15.16  21:  2.61  22:  1.71  23: 10.21  24: 11.22
  25: 38.00  26:  9.80  27:  2.95  28: 74.19  29:  1.81  30: 30.22  31: 13.62  32:  8.61
  33:  9.01  34: 20.30  35:  0.31  36:  3.93  37:  5.56  38:  0.71  39:  0.72  40:  0.17
  41:598.10  42:  4.35  43:  2.73  44:  8.66  45: 11.35  46: 79.88  47:115.99  48: 33.63
  49:104.52  50:103.79  51: 15.26
 Raman intensities (Ä⁴*amu⁻¹)
   1:  0.00   2:  0.00   3:  0.00   4:  0.00   5:  0.00   6:  0.00   7:  0.00   8:  0.00
   9:  0.00  10:  0.00  11:  0.00  12:  0.00  13:  0.00  14:  0.00  15:  0.00  16:  0.00
  17:  0.00  18:  0.00  19:  0.00  20:  0.00  21:  0.00  22:  0.00  23:  0.00  24:  0.00
  25:  0.00  26:  0.00  27:  0.00  28:  0.00  29:  0.00  30:  0.00  31:  0.00  32:  0.00
  33:  0.00  34:  0.00  35:  0.00  36:  0.00  37:  0.00  38:  0.00  39:  0.00  40:  0.00
  41:  0.00  42:  0.00  43:  0.00  44:  0.00  45:  0.00  46:  0.00  47:  0.00  48:  0.00
  49:  0.00  50:  0.00  51:  0.00
 output can be read by thermo (or use thermo option).
 writing <g98.out> molden fake output.
 recommended (thermochemical) frequency scaling factor: 1.0
           -------------------------------------------------
          |             Thermodynamic Functions             |
           -------------------------------------------------

Molecule has the following symmetry elements: (sigma) 
It seems to be the Cs point group
cs  symmetry found (for desy threshold:  0.10E+00) used in thermo

          ...................................................
          :                      SETUP                      :
          :.................................................:
          :  # frequencies                          45      :
          :  # imaginary freq.                       0      :
          :  linear?                             false      :
          :  only rotor calc.                    false      :
          :  symmetry                               cs      :
          :  rotational number                       1      :
          :  scaling factor                  1.0000000      :
          :  rotor cutoff                   50.0000000 cm⁻¹ :
          :  imag. cutoff                 -100.0000000 cm⁻¹ :
          :.................................................:

    mode    ω/cm⁻¹     T·S(HO)/kcal·mol⁻¹    T·S(FR)/kcal·mol⁻¹   T·S(vib)
   ------------------------------------------------------------------------
       1     81.62    -1.14836 ( 87.65%)    -0.91108 ( 12.35%)    -1.11906
       2    172.42    -0.71822 ( 99.30%)    -0.68968 (  0.70%)    -0.71802
       3    298.94    -0.42422 ( 99.92%)    -0.52672 (  0.08%)    -0.42430
   ------------------------------------------------------------------------

   temp. (K)  partition function   enthalpy   heat capacity  entropy
                                   cal/mol     cal/K/mol   cal/K/mol   J/K/mol
 298.15  VIB   14.5                 2313.542     18.730     12.973
         ROT  0.198E+06              888.752      2.981     27.217
         INT  0.287E+07             3202.294     21.711     40.190
         TR   0.941E+27             1481.254      4.968     39.644
         TOT                        4683.5482    26.6793    79.8346   334.0278

       T/K    H(0)-H(T)+PV         H(T)/Eh          T*S/Eh         G(T)/Eh
   ------------------------------------------------------------------------
    298.15    0.746371E-02    0.155762E+00    0.379320E-01    0.117830E+00
   ------------------------------------------------------------------------

         :::::::::::::::::::::::::::::::::::::::::::::::::::::
         ::                  THERMODYNAMIC                  ::
         :::::::::::::::::::::::::::::::::::::::::::::::::::::
         :: total free energy         -21.913014573516 Eh   ::
         ::.................................................::
         :: total energy              -22.030844919683 Eh   ::
         :: zero point energy           0.148298609582 Eh   ::
         :: G(RRHO) w/o ZPVE           -0.030468263414 Eh   ::
         :: G(RRHO) contrib.            0.117830346168 Eh   ::
         :::::::::::::::::::::::::::::::::::::::::::::::::::::

optimized geometry written to: xtbopt.coord


           -------------------------------------------------
          | TOTAL ENERGY              -22.030844919683 Eh   |
          | TOTAL ENTHALPY            -21.875082601030 Eh   |
          | TOTAL FREE ENERGY         -21.913014573516 Eh   |
          | GRADIENT NORM               0.000059899934 Eh/α |
          | HOMO-LUMO GAP               3.746730629496 eV   |
           -------------------------------------------------

------------------------------------------------------------------------
 * finished run on 2024/09/22 at 13:01:34.660     
------------------------------------------------------------------------
 total:
 * wall-time:     0 d,  0 h,  0 min,  0.113 sec
 *  cpu-time:     0 d,  0 h,  0 min,  0.895 sec
 * ratio c/w:     7.892 speedup
 SCF:
 * wall-time:     0 d,  0 h,  0 min,  0.006 sec
 *  cpu-time:     0 d,  0 h,  0 min,  0.044 sec
 * ratio c/w:     7.778 speedup
 analytical hessian:
 * wall-time:     0 d,  0 h,  0 min,  0.074 sec
 *  cpu-time:     0 d,  0 h,  0 min,  0.592 sec
 * ratio c/w:     7.993 speedup

normal termination of xtb
