         3     -2.12927 
        10     -4.11600 
        11     -4.11600 
        12     -1.31985 
