         4     -2.28796 
         5     -2.69994 
         9     -2.22154 
        10     -2.40869 
        11     -1.92267 
        12     -1.59600 
        14     -3.83044 
        17     -4.96700 
        18     -5.27722 
        20     -6.36415 
        22     -6.14359 
        25     -2.89315 
        26     -1.77581 
        28     -1.55644 
        29     -1.65831 
        31     -2.05417 
        32     -1.36396 
        34     -1.99763 
        38     -1.42715 
        39     -1.53965 
        41     -1.92887 
        42     -1.30720 
        43     -1.27380 
        46     -0.59640 
        49     -1.92783 
        53     -5.55152 
        54     -5.53641 
        58     -1.85743 
        59     -1.37596 
        62     -0.99585 
        65     -0.94713 
        68     -0.94266 
        71     -1.09488 
