      -----------------------------------------------------------      
     |                   =====================                   |     
     |                           x T B                           |     
     |                   =====================                   |     
     |                         S. Grimme                         |     
     |          Mulliken Center for Theoretical Chemistry        |     
     |                    University of Bonn                     |     
      -----------------------------------------------------------      

   * xtb version 6.7.0 (08769fc) compiled by 'albert@albert-system' on 2024-03-04

   xtb is free software: you can redistribute it and/or modify it under
   the terms of the GNU Lesser General Public License as published by
   the Free Software Foundation, either version 3 of the License, or
   (at your option) any later version.
   
   xtb is distributed in the hope that it will be useful,
   but WITHOUT ANY WARRANTY; without even the implied warranty of
   MERCHANTABILITY or FITNESS FOR A PARTICULAR PURPOSE.  See the
   GNU Lesser General Public License for more details.
   
   Cite this work as:
   * C. Bannwarth, E. Caldeweyher, S. Ehlert, A. Hansen, P. Pracht,
     J. Seibert, S. Spicher, S. Grimme, WIREs Comput. Mol. Sci., 2020, 11,
     e01493. DOI: 10.1002/wcms.1493
   
   for GFN2-xTB:
   * C. Bannwarth, S. Ehlert and S. Grimme., J. Chem. Theory Comput., 2019,
     15, 1652-1671. DOI: 10.1021/acs.jctc.8b01176
   for GFN1-xTB:
   * S. Grimme, C. Bannwarth, P. Shushkov, J. Chem. Theory Comput., 2017,
     13, 1989-2009. DOI: 10.1021/acs.jctc.7b00118
   for GFN0-xTB:
   * P. Pracht, E. Caldeweyher, S. Ehlert, S. Grimme, ChemRxiv, 2019, preprint.
     DOI: 10.26434/chemrxiv.8326202.v1
   for GFN-FF:
   * S. Spicher and S. Grimme, Angew. Chem. Int. Ed., 2020, 59, 15665-15673.
     DOI: 10.1002/anie.202004239
   
   for ALPB and GBSA implicit solvation:
   * S. Ehlert, M. Stahn, S. Spicher, S. Grimme, J. Chem. Theory Comput.,
     2021, 17, 4250-4261. DOI: 10.1021/acs.jctc.1c00471
   
   for ddCOSMO and CPCM-X implicit solvation:
   * M. Stahn, S. Ehlert, S. Grimme, J. Phys. Chem. A,
     2023, XX, XXXX-XXXX. DOI: 10.1021/acs.jpca.3c04382
   
   for DFT-D4:
   * E. Caldeweyher, C. Bannwarth and S. Grimme, J. Chem. Phys., 2017,
     147, 034112. DOI: 10.1063/1.4993215
   * E. Caldeweyher, S. Ehlert, A. Hansen, H. Neugebauer, S. Spicher,
     C. Bannwarth and S. Grimme, J. Chem. Phys., 2019, 150, 154122.
     DOI: 10.1063/1.5090222
   * E. Caldeweyher, J.-M. Mewes, S. Ehlert and S. Grimme, Phys. Chem. Chem. Phys.
     2020, 22, 8499-8512. DOI: 10.1039/D0CP00502A
   
   for sTDA-xTB:
   * S. Grimme and C. Bannwarth, J. Chem. Phys., 2016, 145, 054103.
     DOI: 10.1063/1.4959605
   
   in the mass-spec context:
   * V. Asgeirsson, C. Bauer and S. Grimme, Chem. Sci., 2017, 8, 4879.
     DOI: 10.1039/c7sc00601b
   * J. Koopman and S. Grimme, ACS Omega 2019, 4, 12, 15120-15133.
     DOI: 10.1021/acsomega.9b02011
   
   for metadynamics refer to:
   * S. Grimme, J. Chem. Theory Comput., 2019, 155, 2847-2862
     DOI: 10.1021/acs.jctc.9b00143
   
   for SPH calculations refer to:
   * S. Spicher and S. Grimme, J. Chem. Theory Comput., 2021, 17, 1701-1714
     DOI: 10.1021/acs.jctc.0c01306
   
   for ONIOM refer to:
   * C. Plett, A. Katbashev, S. Ehlert, S. Grimme, M. Bursch,
     Phys. Chem. Chem. Phys., 2023, 25, 17860-17868. DOI: 10.1039/D3CP02178E
   
   for DIPRO refer to:
   * J. Kohn, N. Gildemeister, S. Grimme, D. Fazzi, A. Hansen,
     J. Chem. Phys., 2023, just accepted.
   
   for PTB refer to:
   * S. Grimme, M. Mueller, A. Hansen, J. Chem. Phys., 2023, 158, 124111.
     DOI: 10.1063/5.0137838
   
   with help from (in alphabetical order)
   P. Atkinson, C. Bannwarth, F. Bohle, G. Brandenburg, E. Caldeweyher
   M. Checinski, S. Dohm, S. Ehlert, S. Ehrlich, I. Gerasimov, C. Hölzer
   A. Katbashev, J. Kohn, J. Koopman, C. Lavigne, S. Lehtola, F. März, M. Müller,
   F. Musil, H. Neugebauer, J. Pisarek, C. Plett, P. Pracht, F. Pultar,
   J. Seibert, P. Shushkov, S. Spicher, M. Stahn, M. Steiner, T. Strunk,
   J. Stückrath, T. Rose, and J. Unsleber
   
 * started run on 2024/09/22 at 12:52:24.230     
   ID    Z sym.   atoms
    1    6 c      1-3, 6, 9, 10
    2    1 h      4, 5, 7, 8, 11-16
    3    8 o      17

           -------------------------------------------------
          |                Calculation Setup                |
           -------------------------------------------------

          program call               : /home/vitamin/xtb/bin/xtb coord --gfn2 --bhess vtight --alpb chcl3 --chrg 0 --enso --norestart -I xcontrol-inp --parallel 8
          coordinate file            : coord
          omp threads                :                     8


           -------------------------------------------------
          |                 G F N 2 - x T B                 |
           -------------------------------------------------

        Reference                      10.1021/acs.jctc.8b01176
      * Hamiltonian:
        H0-scaling (s, p, d)           1.850000    2.230000    2.230000
        zeta-weighting                 0.500000
      * Dispersion:
        s8                             2.700000
        a1                             0.520000
        a2                             5.000000
        s9                             5.000000
      * Repulsion:
        kExp                           1.500000    1.000000
        rExp                           1.000000
      * Coulomb:
        alpha                          2.000000
        third order                    shell-resolved
        anisotropic                    true
        a3                             3.000000
        a5                             4.000000
        cn-shift                       1.200000
        cn-exp                         4.000000
        max-rad                        5.000000

      * Solvation model:               ALPB
        Solvent                        chcl3
        Parameter file                 internal GFN2-xTB/ALPB
        Dielectric constant                4.8100E+00
        Reference state                gsolv [1 M gas/solution]
        Free energy shift                  3.8910E-03 Eh       2.4417E+00 kcal/mol
        Temperature                        2.9815E+02 K
        Density                            1.4900E+00 kg/L
        Solvent mass                       1.1938E+02 g/mol
        Interaction kernel             P16
        Born radius scaling (c1)           1.3274E+00
        Born radii integrator          GBOBC
        Born offset                        0.0000E+00 a0       0.0000E+00 AA
        H-bond correction              false
        Ion screening                  false
        Surface tension                    1.0000E-05 Eh       1.5569E+01 dyn/cm
        Grid points                               974 per atom

          ...................................................
          :                      SETUP                      :
          :.................................................:
          :  # basis functions                  38          :
          :  # atomic orbitals                  38          :
          :  # shells                           24          :
          :  # electrons                        40          :
          :  max. iterations                   250          :
          :  Hamiltonian                  GFN2-xTB          :
          :  restarted?                      false          :
          :  GBSA solvation                   true          :
          :  PC potential                    false          :
          :  electronic temp.          300.0000000     K    :
          :  accuracy                    1.0000000          :
          :  -> integral cutoff          0.2500000E+02      :
          :  -> integral neglect         0.1000000E-07      :
          :  -> SCF convergence          0.1000000E-05 Eh   :
          :  -> wf. convergence          0.1000000E-03 e    :
          :  Broyden damping             0.4000000          :
          :  net charge                          0          :
          :  unpaired electrons                  0          :
          ...................................................

 iter      E             dE          RMSdq      gap      omega  full diag
   1    -22.2363981 -0.222364E+02  0.391E+00    4.38       0.0  T
   2    -22.2992334 -0.628353E-01  0.189E+00    3.52       1.0  T
   3    -22.3026498 -0.341638E-02  0.115E+00    3.90       1.0  T
   4    -22.3047419 -0.209215E-02  0.179E-01    3.66       1.0  T
   5    -22.3050576 -0.315680E-03  0.676E-02    3.72       1.0  T
   6    -22.3050592 -0.165560E-05  0.116E-02    3.72       2.1  T
   7    -22.3050597 -0.446620E-06  0.543E-03    3.72       4.5  T
   8    -22.3050597 -0.379121E-07  0.162E-03    3.72      15.0  T
   9    -22.3050597 -0.616180E-08  0.389E-04    3.72      62.3  T
  10    -22.3050597 -0.327411E-09  0.885E-05    3.72     274.1  T

   *** convergence criteria satisfied after 10 iterations ***

         #    Occupation            Energy/Eh            Energy/eV
      -------------------------------------------------------------
         1        2.0000           -0.7156441             -19.4737
       ...           ...                  ...                  ...
        14        2.0000           -0.4778326             -13.0025
        15        2.0000           -0.4731102             -12.8740
        16        2.0000           -0.4536172             -12.3436
        17        2.0000           -0.4427688             -12.0484
        18        2.0000           -0.4374497             -11.9036
        19        2.0000           -0.4321266             -11.7588
        20        2.0000           -0.3957199             -10.7681 (HOMO)
        21                         -0.2591001              -7.0505 (LUMO)
        22                          0.0758261               2.0633
        23                          0.0786546               2.1403
        24                          0.0822225               2.2374
        25                          0.0860241               2.3408
       ...                                ...                  ...
        38                          0.5744313              15.6311
      -------------------------------------------------------------
                  HL-Gap            0.1366198 Eh            3.7176 eV
             Fermi-level           -0.3274100 Eh           -8.9093 eV

 SCC (total)                   0 d,  0 h,  0 min,  0.006 sec
 SCC setup                      ...        0 min,  0.000 sec (  4.521%)
 Dispersion                     ...        0 min,  0.000 sec (  1.321%)
 classical contributions        ...        0 min,  0.000 sec (  0.141%)
 integral evaluation            ...        0 min,  0.000 sec (  6.166%)
 iterations                     ...        0 min,  0.004 sec ( 73.209%)
 molecular gradient             ...        0 min,  0.001 sec ( 13.138%)
 printout                       ...        0 min,  0.000 sec (  1.236%)

         :::::::::::::::::::::::::::::::::::::::::::::::::::::
         ::                     SUMMARY                     ::
         :::::::::::::::::::::::::::::::::::::::::::::::::::::
         :: total energy             -22.030167273896 Eh    ::
         :: total w/o Gsasa/hb       -22.024435449705 Eh    ::
         :: gradient norm              0.020267395164 Eh/a0 ::
         :: HOMO-LUMO gap              3.717614083687 eV    ::
         ::.................................................::
         :: SCC energy               -22.305029973454 Eh    ::
         :: -> isotropic ES            0.037920360806 Eh    ::
         :: -> anisotropic ES          0.001783487978 Eh    ::
         :: -> anisotropic XC          0.009939161917 Eh    ::
         :: -> dispersion             -0.010988346920 Eh    ::
         :: -> Gsolv                  -0.013770543118 Eh    ::
         ::    -> Gelec               -0.008038718927 Eh    ::
         ::    -> Gsasa               -0.009622843435 Eh    ::
         ::    -> Ghb                  0.000000000000 Eh    ::
         ::    -> Gshift               0.003891019244 Eh    ::
         :: repulsion energy           0.274862699558 Eh    ::
         :: add. restraining           0.000000000000 Eh    ::
         :: total charge              -0.000000000000 e     ::
         :::::::::::::::::::::::::::::::::::::::::::::::::::::

metadynamics with 1 initial structures loaded
           -------------------------------------------------
          |           Optimal kpush determination           |
           -------------------------------------------------
      ----------------------------------------------------------- 
     |                   =====================                   |
     |                        A N C O P T                        |
     |                   =====================                   |
     |               Approximate Normal Coordinate               |
     |                Rational Function Optimizer                |
      ----------------------------------------------------------- 
target rmsd / Å         0.100000
unbiased initial rmsd   0.026402
 
iter. min.        max.        rmsd       kpush
final kpush:  0.000000
           -------------------------------------------------
          |            Biased Numerical Hessian             |
           -------------------------------------------------
kpush                :   0.00000
alpha                :   1.00000
step length          :   0.00500
SCC accuracy         :   0.30000
Hessian scale factor :   1.00000
frozen atoms in %    :   0.00000    0
RMS gradient         :   0.00002
estimated CPU  time      0.02 min
estimated wall time      0.00 min

writing file <hessian>.

 projected vibrational frequencies (cm⁻¹)
eigval :       -0.00    -0.00     0.00     0.00     0.00     0.00
eigval :       80.17   172.18   298.53   394.87   399.48   486.46
eigval :      487.04   660.72   798.45   801.93   886.34   904.64
eigval :      921.97   965.90   980.18  1045.53  1075.18  1101.18
eigval :     1121.52  1136.25  1195.60  1217.84  1232.81  1236.99
eigval :     1292.71  1306.34  1328.96  1339.75  1351.29  1444.86
eigval :     1453.34  1479.89  1482.43  1495.12  1717.37  2960.79
eigval :     2964.09  2968.13  2971.73  2978.82  2984.41  2985.10
eigval :     2991.34  2996.04  2996.44
           -------------------------------------------------
          |                Property Printout                |
           -------------------------------------------------

    * Orbital Energies and Occupations

         #    Occupation            Energy/Eh            Energy/eV
      -------------------------------------------------------------
         1        2.0000           -0.7173323             -19.5196
       ...           ...                  ...                  ...
         8        2.0000           -0.5415866             -14.7373
         9        2.0000           -0.5328626             -14.4999
        10        2.0000           -0.5296703             -14.4131
        11        2.0000           -0.5124832             -13.9454
        12        2.0000           -0.5044402             -13.7265
        13        2.0000           -0.4897070             -13.3256
        14        2.0000           -0.4777946             -13.0015
        15        2.0000           -0.4744738             -12.9111
        16        2.0000           -0.4546419             -12.3714
        17        2.0000           -0.4416214             -12.0171
        18        2.0000           -0.4373753             -11.9016
        19        2.0000           -0.4331123             -11.7856
        20        2.0000           -0.3948634             -10.7448 (HOMO)
        21                         -0.2571767              -6.9981 (LUMO)
        22                          0.0854462               2.3251
        23                          0.0889940               2.4217
        24                          0.0901007               2.4518
        25                          0.0984455               2.6788
        26                          0.1149712               3.1285
        27                          0.1304307               3.5492
        28                          0.1357703               3.6945
        29                          0.1715358               4.6677
        30                          0.1803235               4.9069
        31                          0.1987622               5.4086
       ...                                ...                  ...
        38                          0.5978048              16.2671
      -------------------------------------------------------------
                  HL-Gap            0.1376867 Eh            3.7466 eV
             Fermi-level           -0.3260201 Eh           -8.8715 eV

     #   Z          covCN         q      C6AA      α(0)
     1   6 c        3.805    -0.064    21.728     6.636
     2   6 c        3.806    -0.055    21.552     6.609
     3   6 c        3.806    -0.085    22.125     6.696
     4   1 h        0.924     0.040     2.447     2.446
     5   1 h        0.924     0.048     2.346     2.395
     6   6 c        2.817     0.252    22.770     7.818
     7   1 h        0.924     0.056     2.251     2.346
     8   1 h        0.924     0.074     2.043     2.235
     9   6 c        3.806    -0.085    22.125     6.696
    10   6 c        3.806    -0.055    21.552     6.609
    11   1 h        0.924     0.056     2.251     2.346
    12   1 h        0.924     0.074     2.043     2.235
    13   1 h        0.924     0.040     2.447     2.446
    14   1 h        0.924     0.048     2.346     2.395
    15   1 h        0.924     0.046     2.371     2.408
    16   1 h        0.924     0.045     2.388     2.416
    17   8 o        0.857    -0.434    22.364     6.340

 Mol. C6AA /au·bohr⁶  :       2293.059181
 Mol. C8AA /au·bohr⁸  :      50481.894132
 Mol. α(0) /au        :         71.074978


Wiberg/Mayer (AO) data.
largest (>0.10) Wiberg bond orders for each atom

 ---------------------------------------------------------------------------
     #   Z sym  total        # sym  WBO       # sym  WBO       # sym  WBO
 ---------------------------------------------------------------------------
     1   6 c    3.997 --    10 c    1.011     2 c    1.011    15 h    0.976
                            16 h    0.974
     2   6 c    3.995 --     1 c    1.011     3 c    0.984     4 h    0.978
                             5 h    0.975
     3   6 c    3.995 --     6 c    1.001     2 c    0.984     7 h    0.974
                             8 h    0.946
     4   1 h    0.998 --     2 c    0.978
     5   1 h    0.998 --     2 c    0.975
     6   6 c    3.895 --    17 o    1.816     9 c    1.001     3 c    1.001
     7   1 h    0.997 --     3 c    0.974
     8   1 h    0.995 --     3 c    0.946
     9   6 c    3.995 --     6 c    1.001    10 c    0.984    11 h    0.974
                            12 h    0.946
    10   6 c    3.995 --     1 c    1.011     9 c    0.984    13 h    0.978
                            14 h    0.975
    11   1 h    0.997 --     9 c    0.974
    12   1 h    0.995 --     9 c    0.946
    13   1 h    0.998 --    10 c    0.978
    14   1 h    0.998 --    10 c    0.975
    15   1 h    0.998 --     1 c    0.976
    16   1 h    0.998 --     1 c    0.974
    17   8 o    2.019 --     6 c    1.816
 ---------------------------------------------------------------------------

Topologies differ in total number of bonds
Writing topology from bond orders to xtbtopo.mol

molecular dipole:
                 x           y           z       tot (Debye)
 q only:        1.554      -0.000      -0.553
   full:        1.590      -0.000      -0.601       4.322
molecular quadrupole (traceless):
                xx          xy          yy          xz          yz          zz
 q only:       -6.656       0.000       4.517       2.287      -0.000       2.140
  q+dip:       -8.903       0.000       4.919       2.211      -0.000       3.984
   full:       -8.664       0.000       4.626       2.915      -0.000       4.038

           -------------------------------------------------
          |                Geometry Summary                 |
           -------------------------------------------------

      molecular mass/u    :       98.1432278
   center of mass at/Å    :        0.0049821       0.0000130       0.0074319
  moments of inertia/u·Å² :        0.1189179E+03   0.1996165E+03   0.2829761E+03
rotational constants/cm⁻¹ :        0.1417586E+00   0.8445008E-01   0.5957264E-01

 * 15 selected distances

     #   Z          #   Z                                           value/Å
     1   6 c        2   6 c                                       1.5243769
     2   6 c        3   6 c                                       1.5327712 (max)
     2   6 c        4   1 h                                       1.0924096
     2   6 c        5   1 h                                       1.0914057
     3   6 c        7   1 h                                       1.0914032
     3   6 c        8   1 h                                       1.0925540
     1   6 c       10   6 c                                       1.5243767
     9   6 c       10   6 c                                       1.5327709
     9   6 c       11   1 h                                       1.0914030 (min)
     9   6 c       12   1 h                                       1.0925537
    10   6 c       13   1 h                                       1.0924095
    10   6 c       14   1 h                                       1.0914056
     1   6 c       15   1 h                                       1.0921335
     1   6 c       16   1 h                                       1.0916335
     6   6 c       17   8 o                                       1.2148060

 * 3 distinct bonds (by element types)

   Z      Z             #   av. dist./Å        max./Å        min./Å
   1 H    6 C          10     1.0919311     1.0925540     1.0914030
   6 C    6 C           4     1.5285739     1.5327712     1.5243767
   6 C    8 O           1     1.2148060     1.2148060     1.2148060

           -------------------------------------------------
          |               Frequency Printout                |
           -------------------------------------------------
 projected vibrational frequencies (cm⁻¹)
eigval :       -0.00    -0.00     0.00     0.00     0.00     0.00
eigval :       80.17   172.18   298.53   394.87   399.48   486.46
eigval :      487.04   660.72   798.45   801.93   886.34   904.64
eigval :      921.97   965.90   980.18  1045.53  1075.18  1101.18
eigval :     1121.52  1136.25  1195.60  1217.84  1232.81  1236.99
eigval :     1292.71  1306.34  1328.96  1339.75  1351.29  1444.86
eigval :     1453.34  1479.89  1482.43  1495.12  1717.37  2960.79
eigval :     2964.09  2968.13  2971.73  2978.82  2984.41  2985.10
eigval :     2991.34  2996.04  2996.44
 reduced masses (amu)
   1: 13.28   2: 11.25   3:  9.41   4: 11.13   5: 11.76   6:  9.83   7: 11.38   8:  7.22
   9:  6.92  10:  8.92  11:  9.63  12:  6.24  13: 11.35  14:  9.35  15:  4.94  16:  9.69
  17:  4.28  18:  8.35  19:  4.44  20:  7.36  21:  7.81  22:  1.46  23:  6.42  24:  6.28
  25:  3.47  26:  8.51  27:  4.47  28:  6.10  29:  3.95  30:  4.45  31:  5.00  32:  4.83
  33:  4.24  34:  4.81  35:  5.32  36:  2.08  37:  1.96  38:  1.90  39:  1.96  40:  2.01
  41: 13.29  42:  1.80  43:  1.80  44:  1.88  45:  1.98  46:  1.92  47:  1.57  48:  1.51
  49:  1.57  50:  1.67  51:  1.68
 IR intensities (km·mol⁻¹)
   1:  2.41   2:  0.05   3:  1.84   4:  0.60   5:  1.46   6:  0.86   7:  3.88   8:  2.88
   9:  0.34  10:  0.87  11:  4.26  12:  0.54  13: 19.27  14: 10.82  15:  6.70  16:  8.99
  17:  9.98  18:  1.97  19:  0.11  20: 15.15  21:  2.61  22:  1.72  23: 10.18  24: 11.24
  25: 38.04  26:  9.76  27:  2.96  28: 73.65  29:  1.79  30: 30.87  31: 13.51  32:  8.58
  33:  9.05  34: 20.29  35:  0.31  36:  3.91  37:  5.57  38:  0.71  39:  0.72  40:  0.18
  41:598.05  42:  4.25  43:  2.72  44:  8.46  45: 11.49  46: 81.61  47:114.20  48: 33.65
  49:104.82  50:103.71  51: 15.25
 Raman intensities (Ä⁴*amu⁻¹)
   1:  0.00   2:  0.00   3:  0.00   4:  0.00   5:  0.00   6:  0.00   7:  0.00   8:  0.00
   9:  0.00  10:  0.00  11:  0.00  12:  0.00  13:  0.00  14:  0.00  15:  0.00  16:  0.00
  17:  0.00  18:  0.00  19:  0.00  20:  0.00  21:  0.00  22:  0.00  23:  0.00  24:  0.00
  25:  0.00  26:  0.00  27:  0.00  28:  0.00  29:  0.00  30:  0.00  31:  0.00  32:  0.00
  33:  0.00  34:  0.00  35:  0.00  36:  0.00  37:  0.00  38:  0.00  39:  0.00  40:  0.00
  41:  0.00  42:  0.00  43:  0.00  44:  0.00  45:  0.00  46:  0.00  47:  0.00  48:  0.00
  49:  0.00  50:  0.00  51:  0.00
 output can be read by thermo (or use thermo option).
 writing <g98.out> molden fake output.
 recommended (thermochemical) frequency scaling factor: 1.0
           -------------------------------------------------
          |             Thermodynamic Functions             |
           -------------------------------------------------

Molecule has the following symmetry elements: (sigma) 
It seems to be the Cs point group
cs  symmetry found (for desy threshold:  0.10E+00) used in thermo

          ...................................................
          :                      SETUP                      :
          :.................................................:
          :  # frequencies                          45      :
          :  # imaginary freq.                       0      :
          :  linear?                             false      :
          :  only rotor calc.                    false      :
          :  symmetry                               cs      :
          :  rotational number                       1      :
          :  scaling factor                  1.0000000      :
          :  rotor cutoff                   50.0000000 cm⁻¹ :
          :  imag. cutoff                 -100.0000000 cm⁻¹ :
          :.................................................:

    mode    ω/cm⁻¹     T·S(HO)/kcal·mol⁻¹    T·S(FR)/kcal·mol⁻¹   T·S(vib)
   ------------------------------------------------------------------------
       1     80.17    -1.15883 ( 86.86%)    -0.91638 ( 13.14%)    -1.12697
       2    172.18    -0.71899 ( 99.29%)    -0.69009 (  0.71%)    -0.71879
       3    298.53    -0.42491 ( 99.92%)    -0.52713 (  0.08%)    -0.42499
   ------------------------------------------------------------------------

   temp. (K)  partition function   enthalpy   heat capacity  entropy
                                   cal/mol     cal/K/mol   cal/K/mol   J/K/mol
 298.15  VIB   14.7                 2316.319     18.727     13.006
         ROT  0.198E+06              888.752      2.981     27.217
         INT  0.291E+07             3205.071     21.708     40.224
         TR   0.941E+27             1481.254      4.968     39.644
         TOT                        4686.3251    26.6764    79.8680   334.1676

       T/K    H(0)-H(T)+PV         H(T)/Eh          T*S/Eh         G(T)/Eh
   ------------------------------------------------------------------------
    298.15    0.746813E-02    0.155756E+00    0.379478E-01    0.117808E+00
   ------------------------------------------------------------------------

         :::::::::::::::::::::::::::::::::::::::::::::::::::::
         ::                  THERMODYNAMIC                  ::
         :::::::::::::::::::::::::::::::::::::::::::::::::::::
         :: total free energy         -21.913037193889 Eh   ::
         ::.................................................::
         :: total energy              -22.030844981624 Eh   ::
         :: zero point energy           0.148287500285 Eh   ::
         :: G(RRHO) w/o ZPVE           -0.030479712549 Eh   ::
         :: G(RRHO) contrib.            0.117807787736 Eh   ::
         :::::::::::::::::::::::::::::::::::::::::::::::::::::

optimized geometry written to: xtbopt.coord


           -------------------------------------------------
          | TOTAL ENERGY              -22.030844981624 Eh   |
          | TOTAL ENTHALPY            -21.875089346856 Eh   |
          | TOTAL FREE ENERGY         -21.913037193889 Eh   |
          | GRADIENT NORM               0.000022856250 Eh/α |
          | HOMO-LUMO GAP               3.746646765788 eV   |
           -------------------------------------------------

------------------------------------------------------------------------
 * finished run on 2024/09/22 at 12:52:24.355     
------------------------------------------------------------------------
 total:
 * wall-time:     0 d,  0 h,  0 min,  0.125 sec
 *  cpu-time:     0 d,  0 h,  0 min,  0.982 sec
 * ratio c/w:     7.882 speedup
 SCF:
 * wall-time:     0 d,  0 h,  0 min,  0.006 sec
 *  cpu-time:     0 d,  0 h,  0 min,  0.045 sec
 * ratio c/w:     7.791 speedup
 analytical hessian:
 * wall-time:     0 d,  0 h,  0 min,  0.082 sec
 *  cpu-time:     0 d,  0 h,  0 min,  0.653 sec
 * ratio c/w:     7.994 speedup

normal termination of xtb
