----------------------------------------------- 
  Element       SASA      Sigma Z        Total  
     Z         Ang**2 cal/Ang**2/mol   kcal/mol 
----------------------------------------------- 
      H        119.792       0.000       0.000
      C         26.510      91.879       2.436
      O         25.184       2.693       0.068

 Subtotal:     171.485                   2.504
 -----------------------------------------------

  Elements    COT*SASA   Sigma Z,Z'     Total   
    Z,Z'       Ang**2  cal/Ang**2/mol kcal/mol  
 ---------------------------------------------- 
  H   C         80.409     -52.587      -4.229
  H   O          0.000     -28.036      -0.000
  C   C         32.537     -89.718      -2.919
  O   C         15.593      -8.302      -0.129

 Subtotal:                              -7.277
 ---------------------------------------------- 

 NONAQUEOUS SOLVENT CONTRIBUTION (kcal/mol):
 (proportional to SASA, atomic number independent)
 ---------------------------------------------- 
 Subtotal:                               1.660
 ---------------------------------------------- 

 CDS TOTAL (kcal/mol):                  -3.114
...............................................................................
